Component: ARM Compiler 5.05 update 2 (build 169) Tool: armlink [4d0f33]

==============================================================================

Section Cross References

    system_efm32g.o(.text) refers to system_efm32g.o(.data) for SystemLFXOClock
    startup_efm32g.o(RESET) refers to startup_efm32g.o(STACK) for __initial_sp
    startup_efm32g.o(RESET) refers to startup_efm32g.o(.text) for Reset_Handler
    startup_efm32g.o(RESET) refers to sx1276_hal.o(.text) for GPIO_EVEN_IRQHandler
    startup_efm32g.o(RESET) refers to rtimer-arch.o(.text) for TIMER1_IRQHandler
    startup_efm32g.o(RESET) refers to leusart.o(.text) for LEUART0_IRQHandler
    startup_efm32g.o(RESET) refers to clock.o(.text) for RTC_IRQHandler
    startup_efm32g.o(.text) refers to system_efm32g.o(.text) for SystemInit
    startup_efm32g.o(.text) refers to entry.o(.ARM.Collect$$$$00000000) for __main
    main.o(.text) refers to em_system.o(.text) for SYSTEM_ChipRevisionGet
    main.o(.text) refers to rcc.o(.text) for Rcc_Init
    main.o(.text) refers to wdt.o(.text) for WDT_INIT
    main.o(.text) refers to leusart.o(.text) for Leusart_Init
    main.o(.text) refers to led.o(.text) for led_Init
    main.o(.text) refers to sysdelay.o(.text) for Systick_Delay_Init
    main.o(.text) refers to spi0.o(.text) for SPI0_Init
    main.o(.text) refers to sx1276_hal.o(.text) for SX1276IoInit
    main.o(.text) refers to gy30.o(.text) for GY_30_Init
    main.o(.text) refers to printfa.o(i.__0printf) for __2printf
    main.o(.text) refers to clock.o(.text) for clock_init
    main.o(.text) refers to rtimer.o(.text) for rtimer_init
    main.o(.text) refers to ctimer.o(.text) for ctimer_init
    main.o(.text) refers to process.o(.text) for process_init
    main.o(.text) refers to autostart.o(.text) for autostart_start
    main.o(.text) refers to em_emu.o(.text) for EMU_EnterEM2
    main.o(.text) refers to etimer.o(.data) for etimer_process
    main.o(.text) refers to app_task.o(.constdata) for autostart_processes
    main.o(.text) refers to main.o(.data) for idle_count
    sysdelay.o(.text) refers to system_efm32g.o(.text) for SystemCoreClockGet
    sysdelay.o(.text) refers to system_efm32g.o(.data) for SystemCoreClock
    sysdelay.o(.text) refers to sysdelay.o(.bss) for usDelay
    led.o(.text) refers to em_gpio.o(.text) for GPIO_PinModeSet
    rcc.o(.text) refers to em_cmu.o(.text) for CMU_HFRCOBandSet
    rtc.o(.text) refers to em_cmu.o(.text) for CMU_ClockEnable
    rtc.o(.text) refers to em_rtc.o(.text) for RTC_CompareSet
    rtc.o(.text) refers to rtc.o(.data) for RTC_TOP0
    time.o(.text) refers to em_cmu.o(.text) for CMU_ClockEnable
    time.o(.text) refers to em_gpio.o(.text) for GPIO_PinModeSet
    time.o(.text) refers to em_timer.o(.text) for TIMER_InitCC
    time.o(.text) refers to time.o(.constdata) for .constdata
    leusart.o(.text) refers to em_leuart.o(.text) for LEUART_Reset
    leusart.o(.text) refers to em_gpio.o(.text) for GPIO_PinModeSet
    leusart.o(.text) refers to em_cmu.o(.text) for CMU_ClockEnable
    leusart.o(.text) refers to leusart.o(.data) for leuart1Init
    spi0.o(.text) refers to em_cmu.o(.text) for CMU_ClockEnable
    spi0.o(.text) refers to em_gpio.o(.text) for GPIO_PinModeSet
    wdt.o(.text) refers to em_rmu.o(.text) for RMU_ResetCauseGet
    wdt.o(.text) refers to em_wdog.o(.text) for WDOG_Init
    wdt.o(.text) refers to wdt.o(.data) for resetCause
    user_data.o(.text) refers to em_msc.o(ram_code) for MSC_ErasePage
    user_data.o(.text) refers to user_data.o(.data) for UserData_Data
    user_data.o(.text) refers to user_data.o(.bss) for SAVE_DATA
    gyiic.o(.text) refers to em_gpio.o(.text) for GPIO_PinModeSet
    gyiic.o(.text) refers to sysdelay.o(.text) for Systick_Delay_uS
    gy30.o(.text) refers to gyiic.o(.text) for IIC_Start
    gy30.o(.text) refers to sysdelay.o(.text) for Systick_Delay_mS
    gy30.o(.text) refers to fflti.o(.text) for __aeabi_i2f
    gy30.o(.text) refers to f2d.o(.text) for __aeabi_f2d
    gy30.o(.text) refers to ddiv.o(.text) for __aeabi_ddiv
    gy30.o(.text) refers to d2f.o(.text) for __aeabi_d2f
    gy30.o(.text) refers to printfa.o(i.__0printf) for __2printf
    gy30.o(.text) refers to gy30.o(.data) for BUF
    em_cmu.o(.text) refers to system_efm32g.o(.text) for SystemHFClockGet
    em_cmu.o(.text) refers to em_emu.o(.text) for EMU_UpdateOscConfig
    em_emu.o(.text) refers to system_efm32g.o(.text) for SystemCoreClockGet
    em_emu.o(.text) refers to em_emu.o(.data) for cmuStatus
    em_leuart.o(.text) refers to em_cmu.o(.text) for CMU_ClockFreqGet
    em_usart.o(.text) refers to em_cmu.o(.text) for CMU_ClockFreqGet
    em_rmu.o(.text) refers to em_rmu.o(.constdata) for resetCauseMasks
    em_msc.o(.text) refers to system_efm32g.o(.text) for SystemCoreClockGet
    em_msc.o(ram_code) refers to em_msc.o(.text) for MSC_LoadWriteData
    clock.o(.text) refers to em_rtc.o(.text) for RTC_CounterReset
    clock.o(.text) refers to etimer.o(.text) for etimer_pending
[...]
    TIMER_IntClear                           0x00002a1d   Thumb Code     4  rtimer-arch.o(.text)
    TIMER_TopSet                             0x00002a21   Thumb Code     4  rtimer-arch.o(.text)
    .text                                    0x00002a48   Section        0  list.o(.text)
    .text                                    0x00002b5c   Section        0  app_task.o(.text)
    PrepareTxFrame                           0x00002b5d   Thumb Code   176  app_task.o(.text)
    ProcessRxFrame                           0x00002c0d   Thumb Code   266  app_task.o(.text)
    SendFrame                                0x00002d17   Thumb Code    78  app_task.o(.text)
    OnJoinReqTimerEvent                      0x00002d75   Thumb Code    26  app_task.o(.text)
    OnTxNextPacketTimerEvent                 0x00002d8f   Thumb Code    16  app_task.o(.text)
    OnMacEvent                               0x00002daf   Thumb Code   126  app_task.o(.text)
    TxFrame                                  0x00002e2d   Thumb Code    86  app_task.o(.text)
    process_thread_app_led                   0x00002e83   Thumb Code   166  app_task.o(.text)
    process_thread_RF_JOIN_TASK              0x00002f29   Thumb Code   246  app_task.o(.text)
    process_thread_RF_HEARTBEAT_TASK         0x0000301f   Thumb Code   160  app_task.o(.text)
    process_thread_Board_Init_Task           0x000030bf   Thumb Code   124  app_task.o(.text)
    process_thread_WDOG_Feed_Task            0x0000313b   Thumb Code    82  app_task.o(.text)
    .text                                    0x000032a0   Section        0  loramac.o(.text)
    RxWindowSetup                            0x000032a1   Thumb Code   236  loramac.o(.text)
    OnRxWindow2TimerEvent                    0x0000338d   Thumb Code   136  loramac.o(.text)
    OnRadioTxDone                            0x00003415   Thumb Code   260  loramac.o(.text)
    OnAckTimeoutTimerEvent                   0x00003519   Thumb Code    62  loramac.o(.text)
    PrepareRxDoneAbort                       0x00003557   Thumb Code    84  loramac.o(.text)
    AddMacCommand                            0x000035ab   Thumb Code   582  loramac.o(.text)
    ValueInRange                             0x000037f1   Thumb Code    18  loramac.o(.text)
    DisableChannelInMask                     0x000038f3   Thumb Code    64  loramac.o(.text)
    Rx2FreqInRange                           0x00003985   Thumb Code    22  loramac.o(.text)
    ProcessMacCommands                       0x0000399b   Thumb Code  1044  loramac.o(.text)
    OnRadioRxDone                            0x00003daf   Thumb Code  2168  loramac.o(.text)
    OnRadioTxTimeout                         0x00004627   Thumb Code    48  loramac.o(.text)
    OnRadioRxError                           0x00004657   Thumb Code    66  loramac.o(.text)
    OnRadioRxTimeout                         0x00004699   Thumb Code    66  loramac.o(.text)
    LimitTxPower                             0x000046db   Thumb Code     6  loramac.o(.text)
    CountBits                                0x000048a3   Thumb Code    40  loramac.o(.text)
    SetNextChannel                           0x000048cb   Thumb Code   686  loramac.o(.text)
    RetransmissionDutyCylce                  0x00004b79   Thumb Code    42  loramac.o(.text)
    CalculateBackOff                         0x00004ba3   Thumb Code   256  loramac.o(.text)
    ScheduleTx                               0x00004ca3   Thumb Code   144  loramac.o(.text)
    OnMacStateCheckTimerEvent                0x00004d33   Thumb Code  1100  loramac.o(.text)
    ParseMacCommandsToRepeat                 0x0000517f   Thumb Code   106  loramac.o(.text)
    ValidatePayloadLength                    0x000051e9   Thumb Code    44  loramac.o(.text)
    AdrNextDr                                0x00005215   Thumb Code    90  loramac.o(.text)
    OnTxDelayedTimerEvent                    0x000056dd   Thumb Code    96  loramac.o(.text)
    OnRxWindow1TimerEvent                    0x0000573d   Thumb Code   140  loramac.o(.text)
    SetPublicNetwork                         0x000057c9   Thumb Code    48  loramac.o(.text)
    AlternateDatarate                        0x0000593f   Thumb Code     8  loramac.o(.text)
    ResetMacParameters                       0x00005947   Thumb Code   188  loramac.o(.text)
    .text                                    0x0000621c   Section        0  loramac-api-v3.o(.text)
    McpsConfirm                              0x0000621d   Thumb Code    74  loramac-api-v3.o(.text)
    McpsIndication                           0x00006267   Thumb Code   108  loramac-api-v3.o(.text)
    MlmeConfirm                              0x000062d3   Thumb Code   146  loramac-api-v3.o(.text)
    .text                                    0x0000682c   Section        0  loramaccrypto.o(.text)
    .text                                    0x00006ae4   Section        0  sx1276_hal.o(.text)
    NVIC_SetPriority                         0x00006ae5   Thumb Code    32  sx1276_hal.o(.text)
    NVIC_EnableIRQ                           0x00006e51   Thumb Code    22  sx1276_hal.o(.text)
    NVIC_DisableIRQ                          0x00006e67   Thumb Code    18  sx1276_hal.o(.text)
    GPIO_PinInGet                            0x00006e79   Thumb Code    22  sx1276_hal.o(.text)
    GPIO_PinOutClear                         0x00006e8f   Thumb Code    20  sx1276_hal.o(.text)
    GPIO_PinOutSet                           0x00006ea3   Thumb Code    20  sx1276_hal.o(.text)
    .text                                    0x00006f24   Section        0  sx1276.o(.text)
    RxChainCalibration                       0x00007043   Thumb Code   174  sx1276.o(.text)
    GetFskBandwidthRegValue                  0x00007305   Thumb Code    50  sx1276.o(.text)
    .text                                    0x000088d0   Section        0  dht11.o(.text)
    DHT11_Rst                                0x000088f1   Thumb Code    54  dht11.o(.text)
    DHT11_Check                              0x00008927   Thumb Code    14  dht11.o(.text)
    DHT11_Read_Bit                           0x00008935   Thumb Code    82  dht11.o(.text)
    DHT11_Read_Byte                          0x00008987   Thumb Code    30  dht11.o(.text)
    GPIO_PinInGet                            0x00008bbb   Thumb Code    22  dht11.o(.text)
    GPIO_PinOutSet                           0x00008bd1   Thumb Code    20  dht11.o(.text)
    .text                                    0x00008c48   Section        0  aes.o(.text)
    copy_block                               0x00008c49   Thumb Code    66  aes.o(.text)
    copy_block_nn                            0x00008c8b   Thumb Code    24  aes.o(.text)
    xor_block                                0x00008ca3   Thumb Code   130  aes.o(.text)
    copy_and_key                             0x00008d25   Thumb Code   132  aes.o(.text)
    add_round_key                            0x00008da9   Thumb Code    16  aes.o(.text)
    shift_sub_rows                           0x00008db9   Thumb Code   108  aes.o(.text)
    mix_sub_columns                          0x00008e25   Thumb Code   630  aes.o(.text)
    .text                                    0x00009280   Section        0  cmac.o(.text)
    .text                                    0x00009558   Section        0  utilities.o(.text)
    .text                                    0x00009608   Section        0  memcpya.o(.text)
    .text                                    0x0000962c   Section        0  memseta.o(.text)
    .text                                    0x00009650   Section        0  dadd.o(.text)
    .text                                    0x0000979e   Section        0  dmul.o(.text)
    .text                                    0x00009882   Section        0  ddiv.o(.text)
    .text                                    0x00009960   Section        0  fflti.o(.text)
    .text                                    0x00009972   Section        0  dflti.o(.text)
    .text                                    0x00009994   Section        0  dfltui.o(.text)
    .text                                    0x000099ae   Section        0  dfixi.o(.text)
    .text                                    0x000099ec   Section        0  dfixui.o(.text)
    .text                                    0x00009a1e   Section        0  f2d.o(.text)
    .text                                    0x00009a44   Section       48  cdrcmple.o(.text)
    .text                                    0x00009a74   Section        0  d2f.o(.text)
    .text                                    0x00009aac   Section        0  uidiv.o(.text)
    .text                                    0x00009ad8   Section        0  uldiv.o(.text)
    .text                                    0x00009b3a   Section        0  llshl.o(.text)
    .text                                    0x00009b58   Section        0  llushr.o(.text)
    .text                                    0x00009b78   Section        0  llsshr.o(.text)
    .text                                    0x00009b9c   Section        0  iusefp.o(.text)
    .text                                    0x00009b9c   Section        0  fepilogue.o(.text)
    .text                                    0x00009c0a   Section        0  depilogue.o(.text)
    .text                                    0x00009cc4   Section        0  drnd.o(.text)
    .text                                    0x00009d4c   Section        0  dfixul.o(.text)
    .text                                    0x00009d7c   Section       48  cdcmple.o(.text)
    .text                                    0x00009dac   Section       36  init.o(.text)
    .text                                    0x00009dd0   Section        0  __dczerorl2.o(.text)
    i.__0printf                              0x00009e28   Section        0  printfa.o(i.__0printf)
    i.__scatterload_copy                     0x00009e48   Section       14  handlers.o(i.__scatterload_copy)
    i.__scatterload_null                     0x00009e56   Section        2  handlers.o(i.__scatterload_null)
    i.__scatterload_zeroinit                 0x00009e58   Section       14  handlers.o(i.__scatterload_zeroinit)
    i._fp_digits                             0x00009e68   Section        0  printfa.o(i._fp_digits)
    _fp_digits                               0x00009e69   Thumb Code   334  printfa.o(i._fp_digits)
    i._printf_core                           0x00009fcc   Section        0  printfa.o(i._printf_core)
    _printf_core                             0x00009fcd   Thumb Code  1744  printfa.o(i._printf_core)
    i._printf_post_padding                   0x0000a6a8   Section        0  printfa.o(i._printf_post_padding)
    _printf_post_padding                     0x0000a6a9   Thumb Code    36  printfa.o(i._printf_post_padding)
    i._printf_pre_padding                    0x0000a6cc   Section        0  printfa.o(i._printf_pre_padding)
    _printf_pre_padding                      0x0000a6cd   Thumb Code    46  printfa.o(i._printf_pre_padding)
    i.ceil                                   0x0000a6fc   Section        0  ceil.o(i.ceil)
    i.floor                                  0x0000a7d8   Section        0  floor.o(i.floor)
    i.round                                  0x0000a8b4   Section        0  round.o(i.round)
    .constdata                               0x0000a948   Section       23  time.o(.constdata)
    .constdata                               0x0000a960   Section       56  em_rmu.o(.constdata)
    resetCauseMasks                          0x0000a960   Data          56  em_rmu.o(.constdata)
    .constdata                               0x0000a998   Section       11  rtimer-arch.o(.constdata)
    .constdata                               0x0000a9a4   Section       16  app_task.o(.constdata)
    .constdata                               0x0000a9b4   Section       40  loramac.o(.constdata)
    .constdata                               0x0000a9dc   Section       84  sx1276_hal.o(.constdata)
    .constdata                               0x0000aa30   Section      224  sx1276.o(.constdata)
    .constdata                               0x0000ab10   Section      768  aes.o(.constdata)
    sbox                                     0x0000ab10   Data         256  aes.o(.constdata)
    gfm2_sbox                                0x0000ac10   Data         256  aes.o(.constdata)
    gfm3_sbox                                0x0000ad10   Data         256  aes.o(.constdata)
    .conststring                             0x0000ae10   Section       12  etimer.o(.conststring)
    .conststring                             0x0000ae1c   Section       15  ctimer.o(.conststring)
    .conststring                             0x0000ae2c   Section       76  app_task.o(.conststring)
    .data                                    0x20000000   Section       12  system_efm32g.o(.data)
    SystemHFXOClock                          0x20000000   Data           4  system_efm32g.o(.data)
    SystemLFXOClock                          0x20000004   Data           4  system_efm32g.o(.data)
    .data                                    0x2000000c   Section        5  main.o(.data)
    .data                                    0x20000014   Section        8  rtc.o(.data)
    .data                                    0x2000001c   Section       16  leusart.o(.data)
    .data                                    0x2000002c   Section       16  wdt.o(.data)
    .data                                    0x2000003c   Section       16  gy30.o(.data)
    .data                                    0x2000004c   Section        4  em_emu.o(.data)
    cmuStatus                                0x2000004c   Data           4  em_emu.o(.data)
    .data                                    0x20000050   Section       12  clock.o(.data)
    current_clock                            0x20000050   Data           4  clock.o(.data)
    current_seconds                          0x20000054   Data           4  clock.o(.data)
    second_countdown                         0x20000058   Data           4  clock.o(.data)
    .data                                    0x2000005c   Section       24  etimer.o(.data)
    timerlist                                0x2000005c   Data           4  etimer.o(.data)
    next_expiration                          0x20000060   Data           4  etimer.o(.data)
    .data                                    0x20000074   Section       29  process.o(.data)
    lastevent                                0x2000007c   Data           1  process.o(.data)
    nevents                                  0x2000007d   Data           1  process.o(.data)
    fevent                                   0x2000007e   Data           1  process.o(.data)
    poll_requested                           0x2000007f   Data           1  process.o(.data)
    ev                                       0x20000080   Data           1  process.o(.data)
    data                                     0x20000084   Data           4  process.o(.data)
    receiver                                 0x20000088   Data           4  process.o(.data)
    p                                        0x2000008c   Data           4  process.o(.data)
    snum                                     0x20000090   Data           1  process.o(.data)
    .data                                    0x20000094   Section        4  rtimer.o(.data)
    next_rtimer                              0x20000094   Data           4  rtimer.o(.data)
    .data                                    0x20000098   Section       28  ctimer.o(.data)
    ctimer_list_list                         0x20000098   Data           4  ctimer.o(.data)
    ctimer_list                              0x2000009c   Data           4  ctimer.o(.data)
    initialized                              0x200000a0   Data           1  ctimer.o(.data)
    .data                                    0x200000b4   Section       10  rtimer-arch.o(.data)
    TOP2                                     0x200000b4   Data           4  rtimer-arch.o(.data)
    time_msb                                 0x200000b8   Data           4  rtimer-arch.o(.data)
    clock_to_wait                            0x200000bc   Data           2  rtimer-arch.o(.data)
    .data                                    0x200000c0   Section      142  app_task.o(.data)
    DevEui                                   0x200000c0   Data           8  app_task.o(.data)
    AppEui                                   0x200000c8   Data           8  app_task.o(.data)
    AppKey                                   0x200000d0   Data          16  app_task.o(.data)
    IsNetworkJoined                          0x200000e0   Data           1  app_task.o(.data)
    AppPort                                  0x200000e1   Data           1  app_task.o(.data)
    AppDataSize                              0x200000e2   Data           1  app_task.o(.data)
    IsTxConfirmed                            0x200000e3   Data           1  app_task.o(.data)
    TxDutyCycleTime                          0x200000e4   Data           4  app_task.o(.data)
    TxNextPacket                             0x200000e8   Data           1  app_task.o(.data)
    ScheduleNextTx                           0x200000e9   Data           1  app_task.o(.data)
    LoRaMacCallbacks                         0x200000ec   Data           8  app_task.o(.data)
    sendFrameStatus                          0x2000014c   Data           1  app_task.o(.data)
    sendFrameStatus                          0x2000014d   Data           1  app_task.o(.data)
    .data                                    0x20000150   Section      248  loramac.o(.data)
    LoRaMacDevEui                            0x20000150   Data           4  loramac.o(.data)
    LoRaMacAppEui                            0x20000154   Data           4  loramac.o(.data)
    LoRaMacAppKey                            0x20000158   Data           4  loramac.o(.data)
    LoRaMacDevNonce                          0x2000015c   Data           2  loramac.o(.data)
    LoRaMacNetID                             0x20000160   Data           4  loramac.o(.data)
    LoRaMacDevAddr                           0x20000164   Data           4  loramac.o(.data)
    MulticastChannels                        0x20000168   Data           4  loramac.o(.data)
    LoRaMacDeviceClass                       0x2000016c   Data           1  loramac.o(.data)
    PublicNetwork                            0x2000016d   Data           1  loramac.o(.data)
    RepeaterSupport                          0x2000016e   Data           1  loramac.o(.data)
    LoRaMacBufferPktLen                      0x20000170   Data           2  loramac.o(.data)
    UpLinkCounter                            0x20000174   Data           4  loramac.o(.data)
    DownLinkCounter                          0x20000178   Data           4  loramac.o(.data)
    IsUpLinkCounterFixed                     0x2000017c   Data           1  loramac.o(.data)
    IsRxWindowsEnabled                       0x2000017d   Data           1  loramac.o(.data)
    IsLoRaMacNetworkJoined                   0x2000017e   Data           1  loramac.o(.data)
    AdrCtrlOn                                0x2000017f   Data           1  loramac.o(.data)
    AdrAckCounter                            0x20000180   Data           4  loramac.o(.data)
    NodeAckRequested                         0x20000184   Data           1  loramac.o(.data)
    SrvAckRequested                          0x20000185   Data           1  loramac.o(.data)
    MacCommandsInNextTx                      0x20000186   Data           1  loramac.o(.data)
    MacCommandsBufferIndex                   0x20000187   Data           1  loramac.o(.data)
    MacCommandsBufferToRepeatIndex           0x20000188   Data           1  loramac.o(.data)
    Bands                                    0x2000018c   Data          12  loramac.o(.data)
    Channels                                 0x20000198   Data         128  loramac.o(.data)
    ChannelsNbRepCounter                     0x20000218   Data           1  loramac.o(.data)
    MaxDCycle                                0x20000219   Data           1  loramac.o(.data)
    AggregatedDCycle                         0x2000021a   Data           2  loramac.o(.data)
    AggregatedLastTxDoneTime                 0x2000021c   Data           4  loramac.o(.data)
    AggregatedTimeOff                        0x20000220   Data           4  loramac.o(.data)
    DutyCycleOn                              0x20000224   Data           1  loramac.o(.data)
    Channel                                  0x20000225   Data           1  loramac.o(.data)
    LastTxChannel                            0x20000226   Data           1  loramac.o(.data)
    LoRaMacPrimitives                        0x2000022c   Data           4  loramac.o(.data)
    LoRaMacCallbacks                         0x20000230   Data           4  loramac.o(.data)
    RxWindow1Delay                           0x20000234   Data           4  loramac.o(.data)
    RxWindow2Delay                           0x20000238   Data           4  loramac.o(.data)
    AckTimeoutRetries                        0x2000023c   Data           1  loramac.o(.data)
    AckTimeoutRetriesCounter                 0x2000023d   Data           1  loramac.o(.data)
    AckTimeoutRetry                          0x2000023e   Data           1  loramac.o(.data)
    JoinRequestTrials                        0x20000244   Data           2  loramac.o(.data)
    RxSlot                                   0x20000246   Data           1  loramac.o(.data)
    .data                                    0x20000248   Section       16  loramac-api-v3.o(.data)
    LoRaMacEventFlags                        0x20000248   Data           1  loramac-api-v3.o(.data)
    LoRaMacCallback                          0x2000024c   Data           4  loramac-api-v3.o(.data)
    LoRaMacCallbacks                         0x20000250   Data           8  loramac-api-v3.o(.data)
    .data                                    0x20000258   Section       32  loramaccrypto.o(.data)
    MicBlockB0                               0x20000258   Data          16  loramaccrypto.o(.data)
    aBlock                                   0x20000268   Data          16  loramaccrypto.o(.data)
    .data                                    0x20000278   Section        1  sx1276_hal.o(.data)
    RadioIsActive                            0x20000278   Data           1  sx1276_hal.o(.data)
    .data                                    0x2000027c   Section        4  sx1276.o(.data)
    RadioEvents                              0x2000027c   Data           4  sx1276.o(.data)
    .data                                    0x20000280   Section        7  dht11.o(.data)
    AppDataSize                              0x20000280   Data           1  dht11.o(.data)
    AppPort                                  0x20000281   Data           1  dht11.o(.data)
    .data                                    0x20000288   Section        4  utilities.o(.data)
    next                                     0x20000288   Data           4  utilities.o(.data)
    .data                                    0x2000028c   Section        4  stdout.o(.data)
    .bss                                     0x20000290   Section        8  sysdelay.o(.bss)
    .bss                                     0x20000298   Section      384  process.o(.bss)
    events                                   0x20000298   Data         384  process.o(.bss)
    .bss                                     0x20000418   Section      204  app_task.o(.bss)
    AppData                                  0x20000418   Data          64  app_task.o(.bss)
    TxNextPacketTimer                        0x20000458   Data          36  app_task.o(.bss)
    JoinReqTimer                             0x2000047c   Data          36  app_task.o(.bss)
    et                                       0x200004b4   Data          16  app_task.o(.bss)
    et                                       0x200004c4   Data          16  app_task.o(.bss)
    et                                       0x200004d4   Data          16  app_task.o(.bss)
    .bss                                     0x200004e4   Section     1184  loramac.o(.bss)
    LoRaMacNwkSKey                           0x200004e4   Data          16  loramac.o(.bss)
    LoRaMacAppSKey                           0x200004f4   Data          16  loramac.o(.bss)
    LoRaMacBuffer                            0x20000504   Data         255  loramac.o(.bss)
    LoRaMacPayload                           0x20000603   Data         255  loramac.o(.bss)
    LoRaMacRxPayload                         0x20000702   Data         255  loramac.o(.bss)
    MacCommandsBuffer                        0x20000801   Data          15  loramac.o(.bss)
    MacCommandsBufferToRepeat                0x20000810   Data          15  loramac.o(.bss)
    MacStateCheckTimer                       0x20000880   Data          36  loramac.o(.bss)
    RadioEvents                              0x200008a4   Data          28  loramac.o(.bss)
    TxDelayedTimer                           0x200008c0   Data          36  loramac.o(.bss)
    RxWindowTimer1                           0x200008e4   Data          36  loramac.o(.bss)
    RxWindowTimer2                           0x20000908   Data          36  loramac.o(.bss)
    AckTimeoutTimer                          0x2000092c   Data          36  loramac.o(.bss)
    McpsIndication                           0x20000950   Data          24  loramac.o(.bss)
    McpsConfirm                              0x20000968   Data          16  loramac.o(.bss)
    MlmeConfirm                              0x20000978   Data          12  loramac.o(.bss)
    .bss                                     0x20000984   Section       36  loramac-api-v3.o(.bss)
    LoRaMacEventInfo                         0x20000984   Data          24  loramac-api-v3.o(.bss)
    LoRaMacPrimitives                        0x2000099c   Data          12  loramac-api-v3.o(.bss)
    .bss                                     0x200009a8   Section      556  loramaccrypto.o(.bss)
    Mic                                      0x200009a8   Data          16  loramaccrypto.o(.bss)
    sBlock                                   0x200009b8   Data          16  loramaccrypto.o(.bss)
    AesContext                               0x200009c8   Data         241  loramaccrypto.o(.bss)
    AesCmacCtx                               0x20000abc   Data         280  loramaccrypto.o(.bss)
    .bss                                     0x20000bd4   Section      456  sx1276.o(.bss)
    .bss                                     0x20000d9c   Section       64  dht11.o(.bss)
    AppData                                  0x20000d9c   Data          64  dht11.o(.bss)
    STACK                                    0x20000de0   Section     1024  startup_efm32g.o(STACK)

    Global Symbols

    Symbol Name                              Value     Ov Type        Size  Object(Section)

    BuildAttributes$$THM_ISAv4$P$D$K$B$S$PE$A:L22UL41UL21$X:L11$S22US41US21$IEEE1$IW$USESV6$~STKCKD$USESV7$~SHL$OTIME$ROPI$IEEEJ$EBA8$MICROLIB$REQ8$PRES8$EABIv2 0x00000000   Number         0  anon$$obj.o ABSOLUTE
    __ARM_use_no_argv                        0x00000000   Number         0  main.o ABSOLUTE
    __Vectors                                0x00000000   Data           4  startup_efm32g.o(RESET)
    _printf_a                                0x00000000   Number         0  stubs.o ABSOLUTE
    _printf_c                                0x00000000   Number         0  stubs.o ABSOLUTE
    _printf_charcount                        0x00000000   Number         0  stubs.o ABSOLUTE
    _printf_d                                0x00000000   Number         0  stubs.o ABSOLUTE
    _printf_e                                0x00000000   Number         0  stubs.o ABSOLUTE
    _printf_f                                0x00000000   Number         0  stubs.o ABSOLUTE
    _printf_flags                            0x00000000   Number         0  stubs.o ABSOLUTE
    _printf_fp_dec                           0x00000000   Number         0  stubs.o ABSOLUTE
    _printf_fp_hex                           0x00000000   Number         0  stubs.o ABSOLUTE
    _printf_g                                0x00000000   Number         0  stubs.o ABSOLUTE
    _printf_i                                0x00000000   Number         0  stubs.o ABSOLUTE
    _printf_int_dec                          0x00000000   Number         0  stubs.o ABSOLUTE
    _printf_l                                0x00000000   Number         0  stubs.o ABSOLUTE
    _printf_lc                               0x00000000   Number         0  stubs.o ABSOLUTE
    _printf_ll                               0x00000000   Number         0  stubs.o ABSOLUTE
    _printf_lld                              0x00000000   Number         0  stubs.o ABSOLUTE
    _printf_lli                              0x00000000   Number         0  stubs.o ABSOLUTE
    _printf_llo                              0x00000000   Number         0  stubs.o ABSOLUTE
    _printf_llu                              0x00000000   Number         0  stubs.o ABSOLUTE
    _printf_llx                              0x00000000   Number         0  stubs.o ABSOLUTE
    _printf_longlong_dec                     0x00000000   Number         0  stubs.o ABSOLUTE
    _printf_longlong_hex                     0x00000000   Number         0  stubs.o ABSOLUTE
    _printf_longlong_oct                     0x00000000   Number         0  stubs.o ABSOLUTE
    _printf_ls                               0x00000000   Number         0  stubs.o ABSOLUTE
    _printf_mbtowc                           0x00000000   Number         0  stubs.o ABSOLUTE
    _printf_n                                0x00000000   Number         0  stubs.o ABSOLUTE
    _printf_o                                0x00000000   Number         0  stubs.o ABSOLUTE
    _printf_p                                0x00000000   Number         0  stubs.o ABSOLUTE
    _printf_percent                          0x00000000   Number         0  stubs.o ABSOLUTE
    _printf_pre_padding                      0x00000000   Number         0  stubs.o ABSOLUTE
    _printf_return_value                     0x00000000   Number         0  stubs.o ABSOLUTE
    _printf_s                                0x00000000   Number         0  stubs.o ABSOLUTE
    _printf_sizespec                         0x00000000   Number         0  stubs.o ABSOLUTE
    _printf_str                              0x00000000   Number         0  stubs.o ABSOLUTE
    _printf_truncate_signed                  0x00000000   Number         0  stubs.o ABSOLUTE
    _printf_truncate_unsigned                0x00000000   Number         0  stubs.o ABSOLUTE
    _printf_u                                0x00000000   Number         0  stubs.o ABSOLUTE
    _printf_wc                               0x00000000   Number         0  stubs.o ABSOLUTE
    _printf_wctomb                           0x00000000   Number         0  stubs.o ABSOLUTE
    _printf_widthprec                        0x00000000   Number         0  stubs.o ABSOLUTE
    _printf_x                                0x00000000   Number         0  stubs.o ABSOLUTE
    __cpp_initialize__aeabi_                  - Undefined Weak Reference
    __cxa_finalize                            - Undefined Weak Reference
    _clock_init                               - Undefined Weak Reference
    _microlib_exit                            - Undefined Weak Reference
    __Vectors_End                            0x000000b8   Data           0  startup_efm32g.o(RESET)
    __Vectors_Size                           0x000000b8   Number         0  startup_efm32g.o ABSOLUTE
    __main                                   0x000000b9   Thumb Code     0  entry.o(.ARM.Collect$$$$00000000)
    _main_stk                                0x000000b9   Thumb Code     0  entry2.o(.ARM.Collect$$$$00000001)
    _main_scatterload                        0x000000bd   Thumb Code     0  entry5.o(.ARM.Collect$$$$00000004)
    __main_after_scatterload                 0x000000c1   Thumb Code     0  entry5.o(.ARM.Collect$$$$00000004)
    _main_clock                              0x000000c1   Thumb Code     0  entry7b.o(.ARM.Collect$$$$00000008)
    _main_cpp_init                           0x000000c1   Thumb Code     0  entry8b.o(.ARM.Collect$$$$0000000A)
    _main_init                               0x000000c1   Thumb Code     0  entry9a.o(.ARM.Collect$$$$0000000B)
    __rt_final_cpp                           0x000000c9   Thumb Code     0  entry10a.o(.ARM.Collect$$$$0000000D)
    __rt_final_exit                          0x000000c9   Thumb Code     0  entry11a.o(.ARM.Collect$$$$0000000F)
    SystemHFClockGet                         0x000000cd   Thumb Code   156  system_efm32g.o(.text)
    SystemCoreClockGet                       0x00000169   Thumb Code    26  system_efm32g.o(.text)
    SystemHFXOClockGet                       0x00000183   Thumb Code     6  system_efm32g.o(.text)
    SystemHFXOClockSet                       0x00000189   Thumb Code    24  system_efm32g.o(.text)
    SystemInit                               0x000001a1   Thumb Code     2  system_efm32g.o(.text)
    SystemLFRCOClockGet                      0x000001a3   Thumb Code     6  system_efm32g.o(.text)
    SystemULFRCOClockGet                     0x000001a9   Thumb Code     6  system_efm32g.o(.text)
    SystemLFXOClockGet                       0x000001af   Thumb Code     6  system_efm32g.o(.text)
    SystemLFXOClockSet                       0x000001b5   Thumb Code    24  system_efm32g.o(.text)
    Reset_Handler                            0x00000201   Thumb Code     8  startup_efm32g.o(.text)
    NMI_Handler                              0x00000209   Thumb Code     2  startup_efm32g.o(.text)
    HardFault_Handler                        0x0000020b   Thumb Code     2  startup_efm32g.o(.text)
    MemManage_Handler                        0x0000020d   Thumb Code     2  startup_efm32g.o(.text)
    BusFault_Handler                         0x0000020f   Thumb Code     2  startup_efm32g.o(.text)
    UsageFault_Handler                       0x00000211   Thumb Code     2  startup_efm32g.o(.text)
    SVC_Handler                              0x00000213   Thumb Code     2  startup_efm32g.o(.text)
    DebugMon_Handler                         0x00000215   Thumb Code     2  startup_efm32g.o(.text)
    PendSV_Handler                           0x00000217   Thumb Code     2  startup_efm32g.o(.text)
    SysTick_Handler                          0x00000219   Thumb Code     2  startup_efm32g.o(.text)
    ACMP0_IRQHandler                         0x0000021b   Thumb Code     0  startup_efm32g.o(.text)
    ADC0_IRQHandler                          0x0000021b   Thumb Code     0  startup_efm32g.o(.text)
    AES_IRQHandler                           0x0000021b   Thumb Code     0  startup_efm32g.o(.text)
    CMU_IRQHandler                           0x0000021b   Thumb Code     0  startup_efm32g.o(.text)
    DAC0_IRQHandler                          0x0000021b   Thumb Code     0  startup_efm32g.o(.text)
    DMA_IRQHandler                           0x0000021b   Thumb Code     0  startup_efm32g.o(.text)
    I2C0_IRQHandler                          0x0000021b   Thumb Code     0  startup_efm32g.o(.text)
    LCD_IRQHandler                           0x0000021b   Thumb Code     0  startup_efm32g.o(.text)
    LETIMER0_IRQHandler                      0x0000021b   Thumb Code     0  startup_efm32g.o(.text)
    LEUART1_IRQHandler                       0x0000021b   Thumb Code     0  startup_efm32g.o(.text)
    MSC_IRQHandler                           0x0000021b   Thumb Code     0  startup_efm32g.o(.text)
    PCNT0_IRQHandler                         0x0000021b   Thumb Code     0  startup_efm32g.o(.text)
    PCNT1_IRQHandler                         0x0000021b   Thumb Code     0  startup_efm32g.o(.text)
    PCNT2_IRQHandler                         0x0000021b   Thumb Code     0  startup_efm32g.o(.text)
    TIMER0_IRQHandler                        0x0000021b   Thumb Code     0  startup_efm32g.o(.text)
    TIMER2_IRQHandler                        0x0000021b   Thumb Code     0  startup_efm32g.o(.text)
    UART0_RX_IRQHandler                      0x0000021b   Thumb Code     0  startup_efm32g.o(.text)
    UART0_TX_IRQHandler                      0x0000021b   Thumb Code     0  startup_efm32g.o(.text)
    USART0_RX_IRQHandler                     0x0000021b   Thumb Code     0  startup_efm32g.o(.text)
    USART0_TX_IRQHandler                     0x0000021b   Thumb Code     0  startup_efm32g.o(.text)
    USART1_RX_IRQHandler                     0x0000021b   Thumb Code     0  startup_efm32g.o(.text)
    USART1_TX_IRQHandler                     0x0000021b   Thumb Code     0  startup_efm32g.o(.text)
    USART2_RX_IRQHandler                     0x0000021b   Thumb Code     0  startup_efm32g.o(.text)
    USART2_TX_IRQHandler                     0x0000021b   Thumb Code     0  startup_efm32g.o(.text)
    VCMP_IRQHandler                          0x0000021b   Thumb Code     0  startup_efm32g.o(.text)
    main                                     0x00000315   Thumb Code   128  main.o(.text)
    Systick_Delay_Init                       0x000003d5   Thumb Code    72  sysdelay.o(.text)
    Systick_Delay_Cycle                      0x0000041d   Thumb Code    58  sysdelay.o(.text)
    Systick_Delay_uS                         0x00000457   Thumb Code    64  sysdelay.o(.text)
    Systick_Delay_mS                         0x00000497   Thumb Code    64  sysdelay.o(.text)
    Systick_Delay_1S                         0x000004d7   Thumb Code    34  sysdelay.o(.text)
    delay_10ms                               0x000004f9   Thumb Code    28  sysdelay.o(.text)
    led_Init                                 0x00000529   Thumb Code    40  led.o(.text)
    Rcc_Init                                 0x00000551   Thumb Code   102  rcc.o(.text)
    Rtc_Init                                 0x000005d1   Thumb Code   104  rtc.o(.text)
    TIMER_Reset_Counter                      0x0000064d   Thumb Code     6  time.o(.text)
    Pwm_Init                                 0x00000653   Thumb Code   120  time.o(.text)
    TIMER1_Conging                           0x000006cb   Thumb Code   116  time.o(.text)
    InitLeuart                               0x00000779   Thumb Code    34  leusart.o(.text)
    Leusart_Init                             0x0000079b   Thumb Code    84  leusart.o(.text)
    Leusart_Txdata                           0x000007ef   Thumb Code    30  leusart.o(.text)
    LEUART0_IRQHandler                       0x0000080d   Thumb Code     6  leusart.o(.text)
    fputc                                    0x00000813   Thumb Code    32  leusart.o(.text)
    fgetc                                    0x00000833   Thumb Code    26  leusart.o(.text)
    SPI0_Init                                0x00000861   Thumb Code   146  spi0.o(.text)
    SpiInOut                                 0x000008f3   Thumb Code    36  spi0.o(.text)
    WDT_INIT                                 0x00000929   Thumb Code    22  wdt.o(.text)
    WDT_Cause                                0x0000093f   Thumb Code    28  wdt.o(.text)
    SDA_OUT                                  0x00000965   Thumb Code    16  gyiic.o(.text)
    SDA_IN                                   0x00000975   Thumb Code    16  gyiic.o(.text)
    SDA_0                                    0x00000985   Thumb Code    12  gyiic.o(.text)
    SDA_1                                    0x00000991   Thumb Code    12  gyiic.o(.text)
    SCL_0                                    0x0000099d   Thumb Code    12  gyiic.o(.text)
    SCL_1                                    0x000009a9   Thumb Code    12  gyiic.o(.text)
    IIC_Init                                 0x000009b5   Thumb Code    36  gyiic.o(.text)
    IIC_Start                                0x000009d9   Thumb Code    36  gyiic.o(.text)
    IIC_Stop                                 0x000009fd   Thumb Code    32  gyiic.o(.text)
    IIC_Wait_Ack                             0x00000a1d   Thumb Code    72  gyiic.o(.text)
    IIC_Ack                                  0x00000a65   Thumb Code    36  gyiic.o(.text)
    IIC_NAck                                 0x00000a89   Thumb Code    36  gyiic.o(.text)
    IIC_Send_Byte                            0x00000aad   Thumb Code    74  gyiic.o(.text)
    IIC_Read_Byte                            0x00000af7   Thumb Code    78  gyiic.o(.text)
    Single_Write_GY30                        0x00000b89   Thumb Code    26  gy30.o(.text)
    GY_30_Init                               0x00000ba3   Thumb Code    14  gy30.o(.text)
    GY_30_Read                               0x00000bb1   Thumb Code   144  gy30.o(.text)
    check_GY30                               0x00000c41   Thumb Code    36  gy30.o(.text)
    SYSTEM_ChipRevisionGet                   0x00000c91   Thumb Code    62  em_system.o(.text)
    SYSTEM_GetCalibrationValue               0x00000ccf   Thumb Code    38  em_system.o(.text)
    CMU_ClockSelectGet                       0x00000d8d   Thumb Code   174  em_cmu.o(.text)
    CMU_Calibrate                            0x00000ead   Thumb Code    92  em_cmu.o(.text)
    CMU_ClockDivGet                          0x00000f09   Thumb Code   162  em_cmu.o(.text)
    CMU_ClockDivSet                          0x00000fab   Thumb Code   226  em_cmu.o(.text)
    CMU_ClockEnable                          0x0000108d   Thumb Code   140  em_cmu.o(.text)
    CMU_ClockFreqGet                         0x00001119   Thumb Code   180  em_cmu.o(.text)
    CMU_OscillatorEnable                     0x000011cd   Thumb Code   114  em_cmu.o(.text)
    CMU_ClockSelectSet                       0x0000123f   Thumb Code   250  em_cmu.o(.text)
    CMU_FreezeEnable                         0x00001339   Thumb Code    28  em_cmu.o(.text)
    CMU_HFRCOBandGet                         0x00001355   Thumb Code    10  em_cmu.o(.text)
    CMU_HFRCOBandSet                         0x0000135f   Thumb Code   138  em_cmu.o(.text)
    CMU_HFRCOStartupDelayGet                 0x000013e9   Thumb Code    10  em_cmu.o(.text)
    CMU_HFRCOStartupDelaySet                 0x000013f3   Thumb Code    22  em_cmu.o(.text)
    CMU_LCDClkFDIVGet                        0x00001409   Thumb Code     4  em_cmu.o(.text)
    CMU_LCDClkFDIVSet                        0x0000140d   Thumb Code     2  em_cmu.o(.text)
    CMU_OscillatorTuningGet                  0x0000140f   Thumb Code    50  em_cmu.o(.text)
    CMU_OscillatorTuningSet                  0x00001441   Thumb Code    78  em_cmu.o(.text)
    CMU_PCNTClockExternalGet                 0x0000148f   Thumb Code    46  em_cmu.o(.text)
    CMU_PCNTClockExternalSet                 0x000014bd   Thumb Code    30  em_cmu.o(.text)
    GPIO_DbgLocationSet                      0x00001527   Thumb Code    20  em_gpio.o(.text)
    GPIO_DriveModeSet                        0x0000153b   Thumb Code    30  em_gpio.o(.text)
    GPIO_IntConfig                           0x00001559   Thumb Code   132  em_gpio.o(.text)
    GPIO_PinModeSet                          0x000015dd   Thumb Code   174  em_gpio.o(.text)
    EMU_EnterEM2                             0x000017cd   Thumb Code    94  em_emu.o(.text)
    EMU_EnterEM3                             0x0000182b   Thumb Code   138  em_emu.o(.text)
    EMU_EnterEM4                             0x000018b5   Thumb Code    56  em_emu.o(.text)
    EMU_MemPwrDown                           0x000018ed   Thumb Code     6  em_emu.o(.text)
    EMU_UpdateOscConfig                      0x000018f3   Thumb Code    12  em_emu.o(.text)
    EMU_EM23Init                             0x000018ff   Thumb Code    28  em_emu.o(.text)
    RTC_CompareGet                           0x00001939   Thumb Code    30  em_rtc.o(.text)
    RTC_CompareSet                           0x00001957   Thumb Code    50  em_rtc.o(.text)
    RTC_Enable                               0x00001989   Thumb Code    38  em_rtc.o(.text)
    RTC_FreezeEnable                         0x000019af   Thumb Code    28  em_rtc.o(.text)
    RTC_Init                                 0x000019cb   Thumb Code    42  em_rtc.o(.text)
    RTC_Reset                                0x000019f5   Thumb Code    26  em_rtc.o(.text)
    RTC_CounterReset                         0x00001a0f   Thumb Code    16  em_rtc.o(.text)
    TIMER_Init                               0x00001a57   Thumb Code   110  em_timer.o(.text)
    TIMER_InitCC                             0x00001ac5   Thumb Code   104  em_timer.o(.text)
    TIMER_InitDTI                            0x00001b2d   Thumb Code   186  em_timer.o(.text)
    TIMER_Reset                              0x00001be7   Thumb Code    96  em_timer.o(.text)
    LEUART_BaudrateCalc                      0x00001c49   Thumb Code    38  em_leuart.o(.text)
    LEUART_BaudrateGet                       0x00001c6f   Thumb Code    36  em_leuart.o(.text)
    LEUART_BaudrateSet                       0x00001c93   Thumb Code    66  em_leuart.o(.text)
    LEUART_Enable                            0x00001cd5   Thumb Code    28  em_leuart.o(.text)
    LEUART_FreezeEnable                      0x00001cf1   Thumb Code    22  em_leuart.o(.text)
    LEUART_Init                              0x00001d07   Thumb Code    70  em_leuart.o(.text)
    LEUART_Reset                             0x00001d4d   Thumb Code    50  em_leuart.o(.text)
    LEUART_Rx                                0x00001d7f   Thumb Code    20  em_leuart.o(.text)
    LEUART_RxExt                             0x00001d93   Thumb Code    20  em_leuart.o(.text)
    LEUART_Tx                                0x00001da7   Thumb Code    30  em_leuart.o(.text)
    LEUART_TxExt                             0x00001dc5   Thumb Code    30  em_leuart.o(.text)
    LEUART_TxDmaInEM2Enable                  0x00001de3   Thumb Code    36  em_leuart.o(.text)
    LEUART_RxDmaInEM2Enable                  0x00001e07   Thumb Code    36  em_leuart.o(.text)
    WDOG_Enable                              0x00001e5f   Thumb Code    32  em_wdog.o(.text)
    WDOG_Feed                                0x00001e7f   Thumb Code    48  em_wdog.o(.text)
    WDOG_Lock                                0x00001eaf   Thumb Code    28  em_wdog.o(.text)
    WDOG_Init                                0x00001ecb   Thumb Code   110  em_wdog.o(.text)
    RMU_ResetControl                         0x00001f4f   Thumb Code    18  em_rmu.o(.text)
    RMU_ResetCauseClear                      0x00001f61   Thumb Code    72  em_rmu.o(.text)
    RMU_ResetCauseGet                        0x00001fa9   Thumb Code    48  em_rmu.o(.text)
    RTC_IRQHandler                           0x00001fe5   Thumb Code    90  clock.o(.text)
    clock_init                               0x0000203f   Thumb Code     8  clock.o(.text)
    clock_time                               0x00002047   Thumb Code     6  clock.o(.text)
    clock_seconds                            0x0000204d   Thumb Code     6  clock.o(.text)
    autostart_start                          0x00002065   Thumb Code    30  autostart.o(.text)
    autostart_exit                           0x00002083   Thumb Code    28  autostart.o(.text)
    etimer_request_poll                      0x000020e7   Thumb Code    10  etimer.o(.text)
    etimer_set                               0x0000220f   Thumb Code    22  etimer.o(.text)
    etimer_reset                             0x00002225   Thumb Code    18  etimer.o(.text)
    etimer_restart                           0x00002237   Thumb Code    18  etimer.o(.text)
    etimer_adjust                            0x00002249   Thumb Code    18  etimer.o(.text)
    etimer_expired                           0x0000225b   Thumb Code    14  etimer.o(.text)
    etimer_expiration_time                   0x00002269   Thumb Code    10  etimer.o(.text)
    etimer_start_time                        0x00002273   Thumb Code     6  etimer.o(.text)
    etimer_pending                           0x00002279   Thumb Code    14  etimer.o(.text)
    etimer_next_expiration_time              0x00002287   Thumb Code    18  etimer.o(.text)
    etimer_stop                              0x00002299   Thumb Code    62  etimer.o(.text)
    process_alloc_event                      0x000022e9   Thumb Code    16  process.o(.text)
    process_is_running                       0x000022f9   Thumb Code    14  process.o(.text)
    process_post_synch                       0x000023e7   Thumb Code    32  process.o(.text)
    process_start                            0x00002407   Thumb Code    60  process.o(.text)
    process_exit                             0x00002443   Thumb Code    16  process.o(.text)
    process_init                             0x00002453   Thumb Code    26  process.o(.text)
    process_run                              0x0000255d   Thumb Code    28  process.o(.text)
    process_nevents                          0x00002579   Thumb Code    12  process.o(.text)
    process_post                             0x00002585   Thumb Code   100  process.o(.text)
    process_poll                             0x000025e9   Thumb Code    24  process.o(.text)
    timer_set                                0x00002631   Thumb Code    16  timer.o(.text)
    timer_reset                              0x00002641   Thumb Code    10  timer.o(.text)
    timer_restart                            0x0000264b   Thumb Code    12  timer.o(.text)
    timer_expired                            0x00002657   Thumb Code    28  timer.o(.text)
    timer_remaining                          0x00002673   Thumb Code    18  timer.o(.text)
    rtimer_init                              0x00002685   Thumb Code     8  rtimer.o(.text)
    rtimer_set                               0x0000268d   Thumb Code    56  rtimer.o(.text)
    rtimer_run_next                          0x000026c5   Thumb Code    50  rtimer.o(.text)
    ctimer_init                              0x000027a5   Thumb Code    26  ctimer.o(.text)
    ctimer_set                               0x000027bf   Thumb Code    82  ctimer.o(.text)
    ctimer_reset                             0x00002811   Thumb Code    54  ctimer.o(.text)
    ctimer_restart                           0x00002847   Thumb Code    54  ctimer.o(.text)
    ctimer_stop                              0x0000287d   Thumb Code    36  ctimer.o(.text)
    ctimer_expired                           0x000028a1   Thumb Code    48  ctimer.o(.text)
    rtimer_arch_disable_irq                  0x000028e1   Thumb Code    10  rtimer-arch.o(.text)
    TIMER1_IRQHandler                        0x000028eb   Thumb Code    90  rtimer-arch.o(.text)
    rtimer_arch_init                         0x00002945   Thumb Code   100  rtimer-arch.o(.text)
    rtimer_arch_enable_irq                   0x000029a9   Thumb Code    22  rtimer-arch.o(.text)
    rtimer_arch_now                          0x000029bf   Thumb Code    10  rtimer-arch.o(.text)
    rtimer_arch_schedule                     0x000029c9   Thumb Code    52  rtimer-arch.o(.text)
    list_init                                0x00002a49   Thumb Code     6  list.o(.text)
    list_head                                0x00002a4f   Thumb Code     6  list.o(.text)
    list_copy                                0x00002a55   Thumb Code     6  list.o(.text)
    list_tail                                0x00002a5b   Thumb Code    26  list.o(.text)
    list_remove                              0x00002a75   Thumb Code    52  list.o(.text)
    list_add                                 0x00002aa9   Thumb Code    36  list.o(.text)
    list_push                                0x00002acd   Thumb Code    22  list.o(.text)
    list_chop                                0x00002ae3   Thumb Code    48  list.o(.text)
    list_pop                                 0x00002b13   Thumb Code    16  list.o(.text)
    list_length                              0x00002b23   Thumb Code    18  list.o(.text)
    list_insert                              0x00002b35   Thumb Code    28  list.o(.text)
    list_item_next                           0x00002b51   Thumb Code    12  list.o(.text)
    OS_Post_RF_JOIN_REQ                      0x00002d65   Thumb Code    16  app_task.o(.text)
    OS_RF_Heartbeat_Post                     0x00002d9f   Thumb Code    16  app_task.o(.text)
    LoRaMacChannelAdd                        0x00003803   Thumb Code   240  loramac.o(.text)
    LoRaMacChannelRemove                     0x00003933   Thumb Code    82  loramac.o(.text)
    SendFrameOnChannel                       0x000046e1   Thumb Code   450  loramac.o(.text)
    PrepareFrame                             0x0000526f   Thumb Code  1134  loramac.o(.text)
    Send                                     0x000057f9   Thumb Code   326  loramac.o(.text)
    LoRaMacInitialization                    0x00005a03   Thumb Code   254  loramac.o(.text)
    LoRaMacQueryTxPossible                   0x00005b01   Thumb Code   130  loramac.o(.text)
    LoRaMacMibGetRequestConfirm              0x00005b83   Thumb Code   244  loramac.o(.text)
    LoRaMacMibSetRequestConfirm              0x00005c77   Thumb Code   650  loramac.o(.text)
    LoRaMacMulticastChannelLink              0x00005f01   Thumb Code    60  loramac.o(.text)
    LoRaMacMulticastChannelUnlink            0x00005f3d   Thumb Code    80  loramac.o(.text)
    LoRaMacMlmeRequest                       0x00005f8d   Thumb Code   240  loramac.o(.text)
    LoRaMacMcpsRequest                       0x0000607d   Thumb Code   286  loramac.o(.text)
    LoRaMacTestRxWindowsOn                   0x0000619b   Thumb Code     6  loramac.o(.text)
    LoRaMacTestSetMic                        0x000061a1   Thumb Code   112  loramac.o(.text)
    LoRaMacTestSetDutyCycleOn                0x00006211   Thumb Code     6  loramac.o(.text)
    LoRaMacInit                              0x00006365   Thumb Code    42  loramac-api-v3.o(.text)
    LoRaMacSetAdrOn                          0x0000638f   Thumb Code    22  loramac-api-v3.o(.text)
    LoRaMacInitNwkIds                        0x000063a5   Thumb Code    84  loramac-api-v3.o(.text)
    LoRaMacMulticastChannelAdd               0x000063f9   Thumb Code    12  loramac-api-v3.o(.text)
    LoRaMacMulticastChannelRemove            0x00006405   Thumb Code    12  loramac-api-v3.o(.text)
    LoRaMacJoinReq                           0x00006411   Thumb Code    88  loramac-api-v3.o(.text)
    LoRaMacLinkCheckReq                      0x00006469   Thumb Code    42  loramac-api-v3.o(.text)
    LoRaMacSendFrame                         0x00006493   Thumb Code   120  loramac-api-v3.o(.text)
    LoRaMacSendConfirmedFrame                0x0000650b   Thumb Code   130  loramac-api-v3.o(.text)
    LoRaMacSend                              0x0000658d   Thumb Code    96  loramac-api-v3.o(.text)
    LoRaMacPrepareFrame                      0x000065ed   Thumb Code   124  loramac-api-v3.o(.text)
    LoRaMacSendFrameOnChannel                0x00006669   Thumb Code    24  loramac-api-v3.o(.text)
    LoRaMacSendOnChannel                     0x00006681   Thumb Code    78  loramac-api-v3.o(.text)
    LoRaMacSetDeviceClass                    0x000066cf   Thumb Code    22  loramac-api-v3.o(.text)
    LoRaMacSetPublicNetwork                  0x000066e5   Thumb Code    22  loramac-api-v3.o(.text)
    LoRaMacSetDutyCycleOn                    0x000066fb   Thumb Code    12  loramac-api-v3.o(.text)
    LoRaMacSetChannel                        0x00006707   Thumb Code    16  loramac-api-v3.o(.text)
    LoRaMacSetRx2Channel                     0x00006717   Thumb Code    28  loramac-api-v3.o(.text)
    LoRaMacSetChannelsMask                   0x00006733   Thumb Code    20  loramac-api-v3.o(.text)
    LoRaMacSetChannelsNbRep                  0x00006747   Thumb Code    22  loramac-api-v3.o(.text)
    LoRaMacSetMaxRxWindow                    0x0000675d   Thumb Code    20  loramac-api-v3.o(.text)
    LoRaMacSetReceiveDelay1                  0x00006771   Thumb Code    20  loramac-api-v3.o(.text)
    LoRaMacSetReceiveDelay2                  0x00006785   Thumb Code    20  loramac-api-v3.o(.text)
    LoRaMacSetJoinAcceptDelay1               0x00006799   Thumb Code    20  loramac-api-v3.o(.text)
    LoRaMacSetJoinAcceptDelay2               0x000067ad   Thumb Code    20  loramac-api-v3.o(.text)
    LoRaMacSetChannelsDatarate               0x000067c1   Thumb Code    22  loramac-api-v3.o(.text)
    LoRaMacSetChannelsTxPower                0x000067d7   Thumb Code    22  loramac-api-v3.o(.text)
    LoRaMacGetUpLinkCounter                  0x000067ed   Thumb Code    18  loramac-api-v3.o(.text)
    LoRaMacGetDownLinkCounter                0x000067ff   Thumb Code    18  loramac-api-v3.o(.text)
    LoRaMacSetMicTest                        0x00006811   Thumb Code    12  loramac-api-v3.o(.text)
    LoRaMacSateGet                           0x0000681d   Thumb Code     6  loramac-api-v3.o(.text)
    LoRaMacComputeMic                        0x0000682d   Thumb Code   136  loramaccrypto.o(.text)
    LoRaMacPayloadEncrypt                    0x000068b5   Thumb Code   210  loramaccrypto.o(.text)
    LoRaMacPayloadDecrypt                    0x00006987   Thumb Code    40  loramaccrypto.o(.text)
    LoRaMacJoinComputeMic                    0x000069af   Thumb Code    78  loramaccrypto.o(.text)
    LoRaMacJoinDecrypt                       0x000069fd   Thumb Code    64  loramaccrypto.o(.text)
    LoRaMacJoinComputeSKeys                  0x00006a3d   Thumb Code   144  loramaccrypto.o(.text)
    DelayMs                                  0x00006b05   Thumb Code    28  sx1276_hal.o(.text)
    TimerInit                                0x00006b21   Thumb Code     8  sx1276_hal.o(.text)
    TimerSetValue                            0x00006b29   Thumb Code     4  sx1276_hal.o(.text)
    TimerStart                               0x00006b2d   Thumb Code    24  sx1276_hal.o(.text)
    TimerStop                                0x00006b45   Thumb Code    12  sx1276_hal.o(.text)
    RtcGetTimerValue                         0x00006b51   Thumb Code     8  sx1276_hal.o(.text)
    TimerGetCurrentTime                      0x00006b59   Thumb Code     8  sx1276_hal.o(.text)
    TimerGetElapsedTime                      0x00006b61   Thumb Code    34  sx1276_hal.o(.text)
    SX1276IoInit                             0x00006b83   Thumb Code    64  sx1276_hal.o(.text)
    SX1276IoIrqInit                          0x00006bc3   Thumb Code    80  sx1276_hal.o(.text)
    SX1276IoIrqEnable                        0x00006c13   Thumb Code   102  sx1276_hal.o(.text)
    SX1276GetPaSelect                        0x00006c79   Thumb Code    16  sx1276_hal.o(.text)
    SX1276AntSwDeInit                        0x00006c89   Thumb Code     2  sx1276_hal.o(.text)
    SX1276AntSwInit                          0x00006c8b   Thumb Code     2  sx1276_hal.o(.text)
    SX1276SetAntSwLowPower                   0x00006c8d   Thumb Code    28  sx1276_hal.o(.text)
    SX1276SetAntSw                           0x00006ca9   Thumb Code     2  sx1276_hal.o(.text)
    SX1276CheckRfFrequency                   0x00006cab   Thumb Code     6  sx1276_hal.o(.text)
    SX1276Reset                              0x00006cb1   Thumb Code    32  sx1276_hal.o(.text)
    SX1276WriteBuffer                        0x00006cd1   Thumb Code    56  sx1276_hal.o(.text)
    SX1276ReadBuffer                         0x00006d09   Thumb Code    58  sx1276_hal.o(.text)
    GPIO_EVEN_IRQHandler                     0x00006d43   Thumb Code   148  sx1276_hal.o(.text)
    GPIO_ODD_IRQHandler                      0x00006dd7   Thumb Code   100  sx1276_hal.o(.text)
    BoardGetUniqueId                         0x00006e3b   Thumb Code    22  sx1276_hal.o(.text)
    SX1276Write                              0x00006f25   Thumb Code    16  sx1276.o(.text)
    SX1276Read                               0x00006f35   Thumb Code    20  sx1276.o(.text)
    SX1276SetOpMode                          0x00006f49   Thumb Code    62  sx1276.o(.text)
    SX1276SetModem                           0x00006f87   Thumb Code   122  sx1276.o(.text)
    SX1276SetChannel                         0x00007001   Thumb Code    66  sx1276.o(.text)
    SX1276OnTimeoutIrq                       0x000070f1   Thumb Code   184  sx1276.o(.text)
    SX1276Init                               0x000071a9   Thumb Code   116  sx1276.o(.text)
    SX1276GetStatus                          0x0000721d   Thumb Code     6  sx1276.o(.text)
    SX1276SetSleep                           0x00007223   Thumb Code    28  sx1276.o(.text)
    SX1276ReadRssi                           0x0000723f   Thumb Code    72  sx1276.o(.text)
    SX1276IsChannelFree                      0x00007287   Thumb Code    62  sx1276.o(.text)
    SX1276Random                             0x000072c5   Thumb Code    64  sx1276.o(.text)
    SX1276SetRxConfig                        0x00007337   Thumb Code   760  sx1276.o(.text)
    SX1276SetTxConfig                        0x0000762f   Thumb Code   800  sx1276.o(.text)
    SX1276GetTimeOnAir                       0x0000794f   Thumb Code   616  sx1276.o(.text)
    SX1276SetTx                              0x00007bb7   Thumb Code   224  sx1276.o(.text)
    SX1276WriteFifo                          0x00007c97   Thumb Code    18  sx1276.o(.text)
    SX1276SetStby                            0x00007ca9   Thumb Code    28  sx1276.o(.text)
    SX1276Send                               0x00007cc5   Thumb Code   284  sx1276.o(.text)
    SX1276SetRx                              0x00007de1   Thumb Code   902  sx1276.o(.text)
    SX1276StartCad                           0x00008167   Thumb Code    62  sx1276.o(.text)
    SX1276ReadFifo                           0x000081a5   Thumb Code    18  sx1276.o(.text)
    SX1276SetMaxPayloadLength                0x000081b7   Thumb Code    50  sx1276.o(.text)
    SX1276OnDio0Irq                          0x000081e9   Thumb Code   874  sx1276.o(.text)
    SX1276OnDio1Irq                          0x00008553   Thumb Code   352  sx1276.o(.text)
    SX1276OnDio2Irq                          0x000086b3   Thumb Code   300  sx1276.o(.text)
    SX1276OnDio3Irq                          0x000087df   Thumb Code   102  sx1276.o(.text)
    SX1276OnDio4Irq                          0x00008845   Thumb Code    38  sx1276.o(.text)
    SX1276OnDio5Irq                          0x0000886b   Thumb Code   102  sx1276.o(.text)
    DHT_IOInput                              0x000088d1   Thumb Code    16  dht11.o(.text)
    DHT_IOPushPull                           0x000088e1   Thumb Code    16  dht11.o(.text)
    DHT11_Read_Data                          0x000089a5   Thumb Code   398  dht11.o(.text)
    TxDHTFrame                               0x00008b33   Thumb Code   136  dht11.o(.text)
    aes_set_key                              0x0000909b   Thumb Code   328  aes.o(.text)
    aes_encrypt                              0x000091e3   Thumb Code    90  aes.o(.text)
    aes_cbc_encrypt                          0x0000923d   Thumb Code    68  aes.o(.text)
    AES_CMAC_Init                            0x00009281   Thumb Code    34  cmac.o(.text)
    AES_CMAC_SetKey                          0x000092a3   Thumb Code    18  cmac.o(.text)
    AES_CMAC_Update                          0x000092b5   Thumb Code   232  cmac.o(.text)
    AES_CMAC_Final                           0x0000939d   Thumb Code   442  cmac.o(.text)
    rand1                                    0x00009559   Thumb Code    32  utilities.o(.text)
    srand1                                   0x00009579   Thumb Code     6  utilities.o(.text)
    randr                                    0x0000957f   Thumb Code    26  utilities.o(.text)
    memcpy1                                  0x00009599   Thumb Code    24  utilities.o(.text)
    memcpyr                                  0x000095b1   Thumb Code    28  utilities.o(.text)
    memset1                                  0x000095cd   Thumb Code    20  utilities.o(.text)
    Nibble2HexChar                           0x000095e1   Thumb Code    30  utilities.o(.text)
    __aeabi_memcpy                           0x00009609   Thumb Code    36  memcpya.o(.text)
    __aeabi_memcpy4                          0x00009609   Thumb Code     0  memcpya.o(.text)
    __aeabi_memcpy8                          0x00009609   Thumb Code     0  memcpya.o(.text)
    __aeabi_memset                           0x0000962d   Thumb Code    14  memseta.o(.text)
    __aeabi_memset4                          0x0000962d   Thumb Code     0  memseta.o(.text)
    __aeabi_memset8                          0x0000962d   Thumb Code     0  memseta.o(.text)
    __aeabi_memclr                           0x0000963b   Thumb Code     4  memseta.o(.text)
    __aeabi_memclr4                          0x0000963b   Thumb Code     0  memseta.o(.text)
    __aeabi_memclr8                          0x0000963b   Thumb Code     0  memseta.o(.text)
    _memset$wrapper                          0x0000963f   Thumb Code    18  memseta.o(.text)
    __aeabi_dadd                             0x00009651   Thumb Code   322  dadd.o(.text)
    __aeabi_dsub                             0x00009793   Thumb Code     6  dadd.o(.text)
    __aeabi_drsub                            0x00009799   Thumb Code     6  dadd.o(.text)
    __aeabi_dmul                             0x0000979f   Thumb Code   228  dmul.o(.text)
    __aeabi_ddiv                             0x00009883   Thumb Code   222  ddiv.o(.text)
    __aeabi_i2f                              0x00009961   Thumb Code    18  fflti.o(.text)
    __aeabi_i2d                              0x00009973   Thumb Code    34  dflti.o(.text)
    __aeabi_ui2d                             0x00009995   Thumb Code    26  dfltui.o(.text)
    __aeabi_d2iz                             0x000099af   Thumb Code    62  dfixi.o(.text)
    __aeabi_d2uiz                            0x000099ed   Thumb Code    50  dfixui.o(.text)
    __aeabi_f2d                              0x00009a1f   Thumb Code    38  f2d.o(.text)
    __aeabi_cdrcmple                         0x00009a45   Thumb Code    48  cdrcmple.o(.text)
    __aeabi_d2f                              0x00009a75   Thumb Code    56  d2f.o(.text)
    __aeabi_uidiv                            0x00009aad   Thumb Code     0  uidiv.o(.text)
    __aeabi_uidivmod                         0x00009aad   Thumb Code    44  uidiv.o(.text)
    __aeabi_uldivmod                         0x00009ad9   Thumb Code    98  uldiv.o(.text)
    __aeabi_llsl                             0x00009b3b   Thumb Code    30  llshl.o(.text)
    _ll_shift_l                              0x00009b3b   Thumb Code     0  llshl.o(.text)
    __aeabi_llsr                             0x00009b59   Thumb Code    32  llushr.o(.text)
    _ll_ushift_r                             0x00009b59   Thumb Code     0  llushr.o(.text)
    __aeabi_lasr                             0x00009b79   Thumb Code    36  llsshr.o(.text)
    _ll_sshift_r                             0x00009b79   Thumb Code     0  llsshr.o(.text)
    __I$use$fp                               0x00009b9d   Thumb Code     0  iusefp.o(.text)
    _float_round                             0x00009b9d   Thumb Code    18  fepilogue.o(.text)
    _float_epilogue                          0x00009baf   Thumb Code    92  fepilogue.o(.text)
    _double_round                            0x00009c0b   Thumb Code    30  depilogue.o(.text)
    _double_epilogue                         0x00009c29   Thumb Code   156  depilogue.o(.text)
    _drnd                                    0x00009cc5   Thumb Code   132  drnd.o(.text)
    __aeabi_d2ulz                            0x00009d4d   Thumb Code    48  dfixul.o(.text)
    __aeabi_cdcmpeq                          0x00009d7d   Thumb Code     0  cdcmple.o(.text)
    __aeabi_cdcmple                          0x00009d7d   Thumb Code    48  cdcmple.o(.text)
    __scatterload                            0x00009dad   Thumb Code    28  init.o(.text)
    __scatterload_rt2                        0x00009dad   Thumb Code     0  init.o(.text)
    __decompress                             0x00009dd1   Thumb Code     0  __dczerorl2.o(.text)
    __decompress1                            0x00009dd1   Thumb Code    86  __dczerorl2.o(.text)
    __0printf                                0x00009e29   Thumb Code    22  printfa.o(i.__0printf)
    __1printf                                0x00009e29   Thumb Code     0  printfa.o(i.__0printf)
    __2printf                                0x00009e29   Thumb Code     0  printfa.o(i.__0printf)
    __c89printf                              0x00009e29   Thumb Code     0  printfa.o(i.__0printf)
    printf                                   0x00009e29   Thumb Code     0  printfa.o(i.__0printf)
    __scatterload_copy                       0x00009e49   Thumb Code    14  handlers.o(i.__scatterload_copy)
    __scatterload_null                       0x00009e57   Thumb Code     2  handlers.o(i.__scatterload_null)
    __scatterload_zeroinit                   0x00009e59   Thumb Code    14  handlers.o(i.__scatterload_zeroinit)
    ceil                                     0x0000a6fd   Thumb Code   204  ceil.o(i.ceil)
    floor                                    0x0000a7d9   Thumb Code   204  floor.o(i.floor)
    round                                    0x0000a8b5   Thumb Code   136  round.o(i.round)
    autostart_processes                      0x0000a9a4   Data          16  app_task.o(.constdata)
    Datarates                                0x0000a9b4   Data           8  loramac.o(.constdata)
    MaxPayloadOfDatarate                     0x0000a9bc   Data           8  loramac.o(.constdata)
    MaxPayloadOfDatarateRepeater             0x0000a9c4   Data           8  loramac.o(.constdata)
    TxPowers                                 0x0000a9cc   Data           6  loramac.o(.constdata)
    Radio                                    0x0000a9dc   Data          84  sx1276_hal.o(.constdata)
    RadioRegsInit                            0x0000aa30   Data          48  sx1276.o(.constdata)
    FskBandwidths                            0x0000aa60   Data         176  sx1276.o(.constdata)
    Region$$Table$$Base                      0x0000ae78   Number         0  anon$$obj.o(Region$$Table)
    Region$$Table$$Limit                     0x0000ae98   Number         0  anon$$obj.o(Region$$Table)
    SystemCoreClock                          0x20000008   Data           4  system_efm32g.o(.data)
    idle_count                               0x2000000c   Data           4  main.o(.data)
    Sleep_Flag                               0x20000010   Data           1  main.o(.data)
    RTC_TOP0                                 0x20000014   Data           4  rtc.o(.data)
    RTC_TOP1                                 0x20000018   Data           4  rtc.o(.data)
    leuart1Init                              0x2000001c   Data          16  leusart.o(.data)
    init                                     0x2000002c   Data           9  wdt.o(.data)
    resetCause                               0x20000038   Data           4  wdt.o(.data)
    BUF                                      0x2000003c   Data           8  gy30.o(.data)
    light                                    0x20000044   Data           4  gy30.o(.data)
    dis_data                                 0x20000048   Data           4  gy30.o(.data)
    etimer_process                           0x20000064   Data          16  etimer.o(.data)
    process_list                             0x20000074   Data           4  process.o(.data)
    process_current                          0x20000078   Data           4  process.o(.data)
    ctimer_process                           0x200000a4   Data          16  ctimer.o(.data)
    app_led                                  0x200000f4   Data          16  app_task.o(.data)
    RF_JOIN_REQ                              0x20000104   Data           1  app_task.o(.data)
    RF_JOIN_TASK                             0x20000108   Data          16  app_task.o(.data)
    RF_Heartbeat_Post                        0x20000118   Data           1  app_task.o(.data)
    RF_HEARTBEAT_TASK                        0x2000011c   Data          16  app_task.o(.data)
    Board_Init_Task                          0x2000012c   Data          16  app_task.o(.data)
    WDOG_Feed_Task                           0x2000013c   Data          16  app_task.o(.data)
    LoRaMacState                             0x20000228   Data           4  loramac.o(.data)
    TxTimeOnAir                              0x20000240   Data           4  loramac.o(.data)
    LoRaMacFlags                             0x20000247   Data           1  loramac.o(.data)
    Data_Buf                                 0x20000282   Data           5  dht11.o(.data)
    __stdout                                 0x2000028c   Data           4  stdout.o(.data)
    usDelay                                  0x20000290   Data           4  sysdelay.o(.bss)
    msDelay                                  0x20000294   Data           4  sysdelay.o(.bss)
    ComplianceTest                           0x200004a0   Data          20  app_task.o(.bss)
    LoRaMacParams                            0x20000820   Data          48  loramac.o(.bss)
    LoRaMacParamsDefaults                    0x20000850   Data          48  loramac.o(.bss)
    RxTxBuffer                               0x20000bd4   Data         256  sx1276.o(.bss)
    SX1276                                   0x20000cd4   Data          92  sx1276.o(.bss)
    TxTimeoutTimer                           0x20000d30   Data          36  sx1276.o(.bss)
    RxTimeoutTimer                           0x20000d54   Data          36  sx1276.o(.bss)
    RxTimeoutSyncWord                        0x20000d78   Data          36  sx1276.o(.bss)
    __initial_sp                             0x200011e0   Data           0  startup_efm32g.o(STACK)



==============================================================================

Memory Map of the image

  Image Entry point : 0x000000b9

  Load Region LR_IROM1 (Base: 0x00000000, Size: 0x0000b128, Max: 0x00020000, ABSOLUTE, COMPRESSED[0x0000af2c])

    Execution Region ER_IROM1 (Base: 0x00000000, Size: 0x0000ae98, Max: 0x00020000, ABSOLUTE)

    Base Addr    Size         Type   Attr      Idx    E Section Name        Object

    0x00000000   0x000000b8   Data   RO          133    RESET               startup_efm32g.o
    0x000000b8   0x00000000   Code   RO         1360  * .ARM.Collect$$$$00000000  mc_w.l(entry.o)
    0x000000b8   0x00000004   Code   RO         1652    .ARM.Collect$$$$00000001  mc_w.l(entry2.o)
    0x000000bc   0x00000004   Code   RO         1655    .ARM.Collect$$$$00000004  mc_w.l(entry5.o)
    0x000000c0   0x00000000   Code   RO         1657    .ARM.Collect$$$$00000008  mc_w.l(entry7b.o)
    0x000000c0   0x00000000   Code   RO         1659    .ARM.Collect$$$$0000000A  mc_w.l(entry8b.o)
    0x000000c0   0x00000008   Code   RO         1660    .ARM.Collect$$$$0000000B  mc_w.l(entry9a.o)
    0x000000c8   0x00000000   Code   RO         1662    .ARM.Collect$$$$0000000D  mc_w.l(entry10a.o)
    0x000000c8   0x00000000   Code   RO         1664    .ARM.Collect$$$$0000000F  mc_w.l(entry11a.o)
    0x000000c8   0x00000004   Code   RO         1653    .ARM.Collect$$$$00002712  mc_w.l(entry2.o)
    0x000000cc   0x00000134   Code   RO            3    .text               system_efm32g.o
    0x00000200   0x00000024   Code   RO          134    .text               startup_efm32g.o
    0x00000224   0x000001b0   Code   RO          140    .text               main.o
    0x000003d4   0x00000154   Code   RO          369    .text               sysdelay.o
    0x00000528   0x00000028   Code   RO          399    .text               led.o
    0x00000550   0x00000080   Code   RO          419    .text               rcc.o
    0x000005d0   0x0000007c   Code   RO          439    .text               rtc.o
    0x0000064c   0x0000012c   Code   RO          475    .text               time.o
    0x00000778   0x000000e8   Code   RO          499    .text               leusart.o
    0x00000860   0x000000c8   Code   RO          525    .text               spi0.o
    0x00000928   0x0000003c   Code   RO          548    .text               wdt.o
    0x00000964   0x00000224   Code   RO          604    .text               gyiic.o
    0x00000b88   0x00000108   Code   RO          627    .text               gy30.o
    0x00000c90   0x0000006c   Code   RO          653    .text               em_system.o
    0x00000cfc   0x00000818   Code   RO          673    .text               em_cmu.o
    0x00001514   0x00000180   Code   RO          696    .text               em_gpio.o
    0x00001694   0x000002a4   Code   RO          716    .text               em_emu.o
    0x00001938   0x00000108   Code   RO          744    .text               em_rtc.o
    0x00001a40   0x00000206   Code   RO          767    .text               em_timer.o
    0x00001c46   0x00000002   PAD
    0x00001c48   0x00000204   Code   RO          790    .text               em_leuart.o
    0x00001e4c   0x000000f0   Code   RO          830    .text               em_wdog.o
    0x00001f3c   0x000000a8   Code   RO          850    .text               em_rmu.o
    0x00001fe4   0x00000080   Code   RO          901    .text               clock.o
    0x00002064   0x0000003a   Code   RO          927    .text               autostart.o
    0x0000209e   0x00000002   PAD
    0x000020a0   0x00000248   Code   RO          939    .text               etimer.o
    0x000022e8   0x00000348   Code   RO          958    .text               process.o
    0x00002630   0x00000054   Code   RO          980    .text               timer.o
    0x00002684   0x00000078   Code   RO          992    .text               rtimer.o
    0x000026fc   0x000001e4   Code   RO         1006    .text               ctimer.o
    0x000028e0   0x00000168   Code   RO         1042    .text               rtimer-arch.o
    0x00002a48   0x00000114   Code   RO         1071    .text               list.o
    0x00002b5c   0x00000744   Code   RO         1085    .text               app_task.o
    0x000032a0   0x00002f7c   Code   RO         1143    .text               loramac.o
    0x0000621c   0x00000610   Code   RO         1166    .text               loramac-api-v3.o
    0x0000682c   0x000002b8   Code   RO         1184    .text               loramaccrypto.o
    0x00006ae4   0x00000440   Code   RO         1207    .text               sx1276_hal.o
    0x00006f24   0x000019ac   Code   RO         1247    .text               sx1276.o
    0x000088d0   0x00000378   Code   RO         1275    .text               dht11.o
    0x00008c48   0x00000638   Code   RO         1310    .text               aes.o
    0x00009280   0x000002d6   Code   RO         1324    .text               cmac.o
    0x00009556   0x00000002   PAD
    0x00009558   0x000000b0   Code   RO         1336    .text               utilities.o
    0x00009608   0x00000024   Code   RO         1363    .text               mc_w.l(memcpya.o)
    0x0000962c   0x00000024   Code   RO         1365    .text               mc_w.l(memseta.o)
    0x00009650   0x0000014e   Code   RO         1630    .text               mf_w.l(dadd.o)
    0x0000979e   0x000000e4   Code   RO         1632    .text               mf_w.l(dmul.o)
    0x00009882   0x000000de   Code   RO         1634    .text               mf_w.l(ddiv.o)
    0x00009960   0x00000012   Code   RO         1636    .text               mf_w.l(fflti.o)
    0x00009972   0x00000022   Code   RO         1638    .text               mf_w.l(dflti.o)
    0x00009994   0x0000001a   Code   RO         1640    .text               mf_w.l(dfltui.o)
    0x000099ae   0x0000003e   Code   RO         1642    .text               mf_w.l(dfixi.o)
    0x000099ec   0x00000032   Code   RO         1644    .text               mf_w.l(dfixui.o)
    0x00009a1e   0x00000026   Code   RO         1646    .text               mf_w.l(f2d.o)
    0x00009a44   0x00000030   Code   RO         1648    .text               mf_w.l(cdrcmple.o)
    0x00009a74   0x00000038   Code   RO         1650    .text               mf_w.l(d2f.o)
    0x00009aac   0x0000002c   Code   RO         1667    .text               mc_w.l(uidiv.o)
    0x00009ad8   0x00000062   Code   RO         1669    .text               mc_w.l(uldiv.o)
    0x00009b3a   0x0000001e   Code   RO         1671    .text               mc_w.l(llshl.o)
    0x00009b58   0x00000020   Code   RO         1673    .text               mc_w.l(llushr.o)
    0x00009b78   0x00000024   Code   RO         1675    .text               mc_w.l(llsshr.o)
    0x00009b9c   0x00000000   Code   RO         1677    .text               mc_w.l(iusefp.o)
    0x00009b9c   0x0000006e   Code   RO         1678    .text               mf_w.l(fepilogue.o)
    0x00009c0a   0x000000ba   Code   RO         1680    .text               mf_w.l(depilogue.o)
    0x00009cc4   0x00000088   Code   RO         1682    .text               mf_w.l(drnd.o)
    0x00009d4c   0x00000030   Code   RO         1684    .text               mf_w.l(dfixul.o)
    0x00009d7c   0x00000030   Code   RO         1686    .text               mf_w.l(cdcmple.o)
    0x00009dac   0x00000024   Code   RO         1688    .text               mc_w.l(init.o)
    0x00009dd0   0x00000056   Code   RO         1698    .text               mc_w.l(__dczerorl2.o)
    0x00009e26   0x00000002   PAD
    0x00009e28   0x00000020   Code   RO         1602    i.__0printf         mc_w.l(printfa.o)
    0x00009e48   0x0000000e   Code   RO         1692    i.__scatterload_copy  mc_w.l(handlers.o)
    0x00009e56   0x00000002   Code   RO         1693    i.__scatterload_null  mc_w.l(handlers.o)
    0x00009e58   0x0000000e   Code   RO         1694    i.__scatterload_zeroinit  mc_w.l(handlers.o)
    0x00009e66   0x00000002   PAD
    0x00009e68   0x00000164   Code   RO         1609    i._fp_digits        mc_w.l(printfa.o)
    0x00009fcc   0x000006dc   Code   RO         1610    i._printf_core      mc_w.l(printfa.o)
    0x0000a6a8   0x00000024   Code   RO         1611    i._printf_post_padding  mc_w.l(printfa.o)
    0x0000a6cc   0x0000002e   Code   RO         1612    i._printf_pre_padding  mc_w.l(printfa.o)
    0x0000a6fa   0x00000002   PAD
    0x0000a6fc   0x000000dc   Code   RO         1351    i.ceil              m_ws.l(ceil.o)
    0x0000a7d8   0x000000dc   Code   RO         1355    i.floor             m_ws.l(floor.o)
    0x0000a8b4   0x00000094   Code   RO         1358    i.round             m_ws.l(round.o)
    0x0000a948   0x00000017   Data   RO          476    .constdata          time.o
    0x0000a95f   0x00000001   PAD
    0x0000a960   0x00000038   Data   RO          851    .constdata          em_rmu.o
    0x0000a998   0x0000000b   Data   RO         1043    .constdata          rtimer-arch.o
    0x0000a9a3   0x00000001   PAD
    0x0000a9a4   0x00000010   Data   RO         1087    .constdata          app_task.o
    0x0000a9b4   0x00000028   Data   RO         1145    .constdata          loramac.o
    0x0000a9dc   0x00000054   Data   RO         1208    .constdata          sx1276_hal.o
    0x0000aa30   0x000000e0   Data   RO         1249    .constdata          sx1276.o
    0x0000ab10   0x00000300   Data   RO         1311    .constdata          aes.o
    0x0000ae10   0x0000000c   Data   RO          940    .conststring        etimer.o
    0x0000ae1c   0x0000000f   Data   RO         1007    .conststring        ctimer.o
    0x0000ae2b   0x00000001   PAD
    0x0000ae2c   0x0000004c   Data   RO         1088    .conststring        app_task.o
    0x0000ae78   0x00000020   Data   RO         1690    Region$$Table       anon$$obj.o


    Execution Region RW_IRAM1 (Base: 0x20000000, Size: 0x000011e0, Max: 0x00004000, ABSOLUTE, COMPRESSED[0x00000094])

    Base Addr    Size         Type   Attr      Idx    E Section Name        Object

    0x20000000   0x0000000c   Data   RW            4    .data               system_efm32g.o
    0x2000000c   0x00000005   Data   RW          141    .data               main.o
    0x20000011   0x00000003   PAD
    0x20000014   0x00000008   Data   RW          440    .data               rtc.o
    0x2000001c   0x00000010   Data   RW          500    .data               leusart.o
    0x2000002c   0x00000010   Data   RW          549    .data               wdt.o
    0x2000003c   0x00000010   Data   RW          628    .data               gy30.o
    0x2000004c   0x00000004   Data   RW          717    .data               em_emu.o
    0x20000050   0x0000000c   Data   RW          902    .data               clock.o
    0x2000005c   0x00000018   Data   RW          941    .data               etimer.o
    0x20000074   0x0000001d   Data   RW          960    .data               process.o
    0x20000091   0x00000003   PAD
    0x20000094   0x00000004   Data   RW          993    .data               rtimer.o
    0x20000098   0x0000001c   Data   RW         1008    .data               ctimer.o
    0x200000b4   0x0000000a   Data   RW         1044    .data               rtimer-arch.o
    0x200000be   0x00000002   PAD
    0x200000c0   0x0000008e   Data   RW         1089    .data               app_task.o
    0x2000014e   0x00000002   PAD
    0x20000150   0x000000f8   Data   RW         1146    .data               loramac.o
    0x20000248   0x00000010   Data   RW         1168    .data               loramac-api-v3.o
    0x20000258   0x00000020   Data   RW         1186    .data               loramaccrypto.o
    0x20000278   0x00000001   Data   RW         1209    .data               sx1276_hal.o
    0x20000279   0x00000003   PAD
    0x2000027c   0x00000004   Data   RW         1250    .data               sx1276.o
    0x20000280   0x00000007   Data   RW         1277    .data               dht11.o
    0x20000287   0x00000001   PAD
    0x20000288   0x00000004   Data   RW         1337    .data               utilities.o
    0x2000028c   0x00000004   Data   RW         1666    .data               mc_w.l(stdout.o)
    0x20000290   0x00000008   Zero   RW          370    .bss                sysdelay.o
    0x20000298   0x00000180   Zero   RW          959    .bss                process.o
    0x20000418   0x000000cc   Zero   RW         1086    .bss                app_task.o
    0x200004e4   0x000004a0   Zero   RW         1144    .bss                loramac.o
    0x20000984   0x00000024   Zero   RW         1167    .bss                loramac-api-v3.o
    0x200009a8   0x0000022c   Zero   RW         1185    .bss                loramaccrypto.o
    0x20000bd4   0x000001c8   Zero   RW         1248    .bss                sx1276.o
    0x20000d9c   0x00000040   Zero   RW         1276    .bss                dht11.o
    0x20000ddc   0x00000004   PAD
    0x20000de0   0x00000400   Zero   RW          131    STACK               startup_efm32g.o


==============================================================================

Image component sizes


      Code (inc. data)   RO Data    RW Data    ZI Data      Debug   Object Name

      1592         14        768          0          0      11702   aes.o
      1860        410         92        142        204       9960   app_task.o
        58          0          0          0          0       1173   autostart.o
       128         18          0         12          0       2697   clock.o
       726          0          0          0          0       2583   cmac.o
       484         16         15         28          0       3905   ctimer.o
       888        100          0          7         64       3067   dht11.o
      2072         78          0          0          0       8931   em_cmu.o
       676         30          0          4          0       7405   em_emu.o
       384         10          0          0          0       1699   em_gpio.o
       516         10          0          0          0       4105   em_leuart.o
       168         12         56          0          0       3181   em_rmu.o
       264          6          0          0          0       3128   em_rtc.o
       108          8          0          0          0       1224   em_system.o
       518          0          0          0          0       6448   em_timer.o
       240          4          0          0          0       1732   em_wdog.o
       584         18         12         24          0       4751   etimer.o
       264         44          0         16          0       1686   gy30.o
       548          6          0          0          0       5051   gyiic.o
        40          0          0          0          0        471   led.o
       232         20          0         16          0       3838   leusart.o
       276          0          0          0          0       3303   list.o
      1552        106          0         16         36       9564   loramac-api-v3.o
     12156       1946         40        248       1184      22399   loramac.o
       696         24          0         32        556       3869   loramaccrypto.o
       432         64          0          5          0      33777   main.o
       840         48          0         29        384       6941   process.o
       128         26          0          0          0        527   rcc.o
       124         20          0          8          0      25518   rtc.o
       360         36         11         10          0      30624   rtimer-arch.o
       120          6          0          4          0       1709   rtimer.o
       200         18          0          0          0       3561   spi0.o
        36          8        184          0       1024        824   startup_efm32g.o
      6572        324        224          4        456      14562   sx1276.o
      1088        110         84          1          0      34542   sx1276_hal.o
       340         20          0          0          8       4447   sysdelay.o
       308         52          0         12          0     212036   system_efm32g.o
       300         28         23          0          0       6474   time.o
        84          0          0          0          0       1736   timer.o
       176         10          0          4          0       2424   utilities.o
        60         10          0         16          0        947   wdt.o

    ----------------------------------------------------------------------
     38204       3660       1544        652       3920     508521   Object Totals
         0          0         32          0          0          0   (incl. Generated)
         6          0          3         14          4          0   (incl. Padding)

    ----------------------------------------------------------------------

      Code (inc. data)   RO Data    RW Data    ZI Data      Debug   Library Member Name

       220         16          0          0          0         84   ceil.o
       220         16          0          0          0         84   floor.o
       148         12          0          0          0         88   round.o
        86          0          0          0          0          0   __dczerorl2.o
         0          0          0          0          0          0   entry.o
         0          0          0          0          0          0   entry10a.o
         0          0          0          0          0          0   entry11a.o
         8          4          0          0          0          0   entry2.o
         4          0          0          0          0          0   entry5.o
         0          0          0          0          0          0   entry7b.o
         0          0          0          0          0          0   entry8b.o
         8          4          0          0          0          0   entry9a.o
        30          0          0          0          0          0   handlers.o
        36          8          0          0          0         68   init.o
         0          0          0          0          0          0   iusefp.o
        30          0          0          0          0         68   llshl.o
        36          0          0          0          0         68   llsshr.o
        32          0          0          0          0         68   llushr.o
        36          0          0          0          0         68   memcpya.o
        36          0          0          0          0        108   memseta.o
      2226         90          0          0          0        444   printfa.o
         0          0          0          4          0          0   stdout.o
        44          0          0          0          0         80   uidiv.o
        98          0          0          0          0         92   uldiv.o
        48          0          0          0          0         68   cdcmple.o
        48          0          0          0          0         68   cdrcmple.o
        56          0          0          0          0         88   d2f.o
       334          0          0          0          0        148   dadd.o
       222          0          0          0          0        100   ddiv.o
       186          0          0          0          0        176   depilogue.o
        62          0          0          0          0         80   dfixi.o
        50          0          0          0          0         76   dfixui.o
        48          0          0          0          0         68   dfixul.o
        34          0          0          0          0         76   dflti.o
        26          0          0          0          0         76   dfltui.o
       228          0          0          0          0         96   dmul.o
       136          4          0          0          0         92   drnd.o
        38          0          0          0          0         68   f2d.o
       110          0          0          0          0        168   fepilogue.o
        18          0          0          0          0         68   fflti.o

    ----------------------------------------------------------------------
      4948        154          0          4          0       2836   Library Totals
         6          0          0          0          0          0   (incl. Padding)

    ----------------------------------------------------------------------

      Code (inc. data)   RO Data    RW Data    ZI Data      Debug   Library Name

       588         44          0          0          0        256   m_ws.l
      2710        106          0          4          0       1064   mc_w.l
      1644          4          0          0          0       1516   mf_w.l

    ----------------------------------------------------------------------
      4948        154          0          4          0       2836   Library Totals

    ----------------------------------------------------------------------

==============================================================================


      Code (inc. data)   RO Data    RW Data    ZI Data      Debug   

     43152       3814       1544        656       3920     506129   Grand Totals
     43152       3814       1544        148       3920     506129   ELF Image Totals (compressed)
     43152       3814       1544        148          0          0   ROM Totals

==============================================================================

    Total RO  Size (Code + RO Data)                44696 (  43.65kB)
    Total RW  Size (RW Data + ZI Data)              4576 (   4.47kB)
    Total ROM Size (Code + RO Data + RW Data)      44844 (  43.79kB)

==============================================================================

