Component: ARM Compiler 5.05 update 2 (build 169) Tool: armlink [4d0f33]

==============================================================================

Section Cross References

    system_efm32g.o(.text) refers to system_efm32g.o(.data) for SystemLFXOClock
    startup_efm32g.o(RESET) refers to startup_efm32g.o(STACK) for __initial_sp
    startup_efm32g.o(RESET) refers to startup_efm32g.o(.text) for Reset_Handler
    startup_efm32g.o(RESET) refers to sx1276_hal.o(.text) for GPIO_EVEN_IRQHandler
    startup_efm32g.o(RESET) refers to rtimer-arch.o(.text) for TIMER1_IRQHandler
    startup_efm32g.o(RESET) refers to leusart.o(.text) for LEUART0_IRQHandler
    startup_efm32g.o(RESET) refers to clock.o(.text) for RTC_IRQHandler
    startup_efm32g.o(.text) refers to system_efm32g.o(.text) for SystemInit
    startup_efm32g.o(.text) refers to entry.o(.ARM.Collect$$$$00000000) for __main
    main.o(.text) refers to em_system.o(.text) for SYSTEM_ChipRevisionGet
    main.o(.text) refers to rcc.o(.text) for Rcc_Init
    main.o(.text) refers to leusart.o(.text) for Leusart_Init
    main.o(.text) refers to led.o(.text) for led_Init
    main.o(.text) refers to sysdelay.o(.text) for Systick_Delay_Init
    main.o(.text) refers to spi0.o(.text) for SPI0_Init
    main.o(.text) refers to sx1276_hal.o(.text) for SX1276IoInit
    main.o(.text) refers to printfa.o(i.__0printf) for __2printf
    main.o(.text) refers to clock.o(.text) for clock_init
    main.o(.text) refers to rtimer.o(.text) for rtimer_init
    main.o(.text) refers to ctimer.o(.text) for ctimer_init
    main.o(.text) refers to process.o(.text) for process_init
    main.o(.text) refers to autostart.o(.text) for autostart_start
    main.o(.text) refers to dht11.o(.text) for DHT11_Read_Data
    main.o(.text) refers to em_emu.o(.text) for EMU_EnterEM2
    main.o(.text) refers to etimer.o(.data) for etimer_process
    main.o(.text) refers to app_task.o(.constdata) for autostart_processes
    main.o(.text) refers to main.o(.data) for idle_count
    sysdelay.o(.text) refers to system_efm32g.o(.text) for SystemCoreClockGet
    sysdelay.o(.text) refers to system_efm32g.o(.data) for SystemCoreClock
    sysdelay.o(.text) refers to sysdelay.o(.bss) for usDelay
    led.o(.text) refers to em_gpio.o(.text) for GPIO_PinModeSet
    rcc.o(.text) refers to em_cmu.o(.text) for CMU_HFRCOBandSet
    rtc.o(.text) refers to em_cmu.o(.text) for CMU_ClockEnable
    rtc.o(.text) refers to em_rtc.o(.text) for RTC_CompareSet
    rtc.o(.text) refers to rtc.o(.data) for RTC_TOP0
    time.o(.text) refers to em_cmu.o(.text) for CMU_ClockEnable
    time.o(.text) refers to em_gpio.o(.text) for GPIO_PinModeSet
    time.o(.text) refers to em_timer.o(.text) for TIMER_InitCC
    time.o(.text) refers to time.o(.constdata) for .constdata
    leusart.o(.text) refers to em_leuart.o(.text) for LEUART_Reset
    leusart.o(.text) refers to em_gpio.o(.text) for GPIO_PinModeSet
    leusart.o(.text) refers to em_cmu.o(.text) for CMU_ClockEnable
    leusart.o(.text) refers to leusart.o(.data) for leuart1Init
    spi0.o(.text) refers to em_cmu.o(.text) for CMU_ClockEnable
    spi0.o(.text) refers to em_gpio.o(.text) for GPIO_PinModeSet
    wdt.o(.text) refers to em_rmu.o(.text) for RMU_ResetCauseGet
    wdt.o(.text) refers to em_wdog.o(.text) for WDOG_Init
    wdt.o(.text) refers to wdt.o(.data) for resetCause
    user_data.o(.text) refers to em_msc.o(ram_code) for MSC_ErasePage
    user_data.o(.text) refers to user_data.o(.data) for UserData_Data
    user_data.o(.text) refers to user_data.o(.bss) for SAVE_DATA
    gyiic.o(.text) refers to em_gpio.o(.text) for GPIO_PinModeSet
    gyiic.o(.text) refers to sysdelay.o(.text) for Systick_Delay_uS
    gy30.o(.text) refers to gyiic.o(.text) for IIC_Start
    gy30.o(.text) refers to sysdelay.o(.text) for Systick_Delay_mS
    gy30.o(.text) refers to fflti.o(.text) for __aeabi_i2f
    gy30.o(.text) refers to f2d.o(.text) for __aeabi_f2d
    gy30.o(.text) refers to ddiv.o(.text) for __aeabi_ddiv
    gy30.o(.text) refers to d2f.o(.text) for __aeabi_d2f
    gy30.o(.text) refers to printfa.o(i.__0printf) for __2printf
    gy30.o(.text) refers to gy30.o(.data) for BUF
    dht11.o(.text) refers to em_gpio.o(.text) for GPIO_PinModeSet
    dht11.o(.text) refers to sysdelay.o(.text) for Systick_Delay_mS
    dht11.o(.text) refers to memcpya.o(.text) for __aeabi_memcpy4
    dht11.o(.text) refers to printfa.o(i.__0printf) for __2printf
    dht11.o(.text) refers to dht11.o(.data) for Data_Buf
    dht11.o(.text) refers to dht11.o(.bss) for AppData
    em_cmu.o(.text) refers to system_efm32g.o(.text) for SystemHFClockGet
    em_cmu.o(.text) refers to em_emu.o(.text) for EMU_UpdateOscConfig
    em_emu.o(.text) refers to system_efm32g.o(.text) for SystemCoreClockGet
    em_emu.o(.text) refers to em_emu.o(.data) for cmuStatus
    em_leuart.o(.text) refers to em_cmu.o(.text) for CMU_ClockFreqGet
    em_usart.o(.text) refers to em_cmu.o(.text) for CMU_ClockFreqGet
[...]
    .text                                    0x000000cc   Section        0  system_efm32g.o(.text)
    .text                                    0x00000200   Section       36  startup_efm32g.o(.text)
    .text                                    0x00000224   Section        0  main.o(.text)
    CHIP_Init                                0x00000225   Thumb Code   240  main.o(.text)
    .text                                    0x000003d0   Section        0  sysdelay.o(.text)
    .text                                    0x00000524   Section        0  led.o(.text)
    .text                                    0x0000054c   Section        0  rcc.o(.text)
    .text                                    0x000005cc   Section        0  rtc.o(.text)
    .text                                    0x00000648   Section        0  time.o(.text)
    TIMER_CompareBufSet                      0x0000073b   Thumb Code    12  time.o(.text)
    TIMER_Enable                             0x00000747   Thumb Code    14  time.o(.text)
    TIMER_TopSet                             0x00000755   Thumb Code     4  time.o(.text)
    .text                                    0x00000774   Section        0  leusart.o(.text)
    .text                                    0x0000085c   Section        0  spi0.o(.text)
    .text                                    0x00000924   Section        0  dht11.o(.text)
    DHT11_Rst                                0x00000945   Thumb Code    54  dht11.o(.text)
    DHT11_Check                              0x0000097b   Thumb Code    14  dht11.o(.text)
    DHT11_Read_Bit                           0x00000989   Thumb Code    82  dht11.o(.text)
    DHT11_Read_Byte                          0x000009db   Thumb Code    30  dht11.o(.text)
    GPIO_PinInGet                            0x00000c25   Thumb Code    22  dht11.o(.text)
    GPIO_PinOutSet                           0x00000c3b   Thumb Code    20  dht11.o(.text)
    .text                                    0x00000cb8   Section        0  em_system.o(.text)
    .text                                    0x00000d24   Section        0  em_cmu.o(.text)
    BITBAND_Peripheral                       0x00000d25   Thumb Code    18  em_cmu.o(.text)
    CMU_FlashWaitStateControl                0x00000d37   Thumb Code   110  em_cmu.o(.text)
    CMU_FlashWaitStateMax                    0x00000da5   Thumb Code    12  em_cmu.o(.text)
    CMU_AUXClkGet                            0x00000db1   Thumb Code     4  em_cmu.o(.text)
    CMU_DBGClkGet                            0x00000e63   Thumb Code    44  em_cmu.o(.text)
    CMU_LFClkGet                             0x00000e8f   Thumb Code    70  em_cmu.o(.text)
    CMU_DivToLog2                            0x00001503   Thumb Code    12  em_cmu.o(.text)
    CMU_Log2ToDiv                            0x0000150f   Thumb Code     8  em_cmu.o(.text)
    CMU_Sync                                 0x00001517   Thumb Code    28  em_cmu.o(.text)
    .text                                    0x0000153c   Section        0  em_gpio.o(.text)
    BITBAND_Peripheral                       0x0000153d   Thumb Code    18  em_gpio.o(.text)
    .text                                    0x000016bc   Section        0  em_emu.o(.text)
    EMU_Restore                              0x000016bd   Thumb Code   264  em_emu.o(.text)
    getErrataFixEmuE107En                    0x000017c5   Thumb Code    48  em_emu.o(.text)
    .text                                    0x00001960   Section        0  em_rtc.o(.text)
    RTC_Sync                                 0x00001a47   Thumb Code    28  em_rtc.o(.text)
    .text                                    0x00001a68   Section        0  em_timer.o(.text)
    TIMER_EnableDTI                          0x00001a69   Thumb Code    22  em_timer.o(.text)
    .text                                    0x00001c70   Section        0  em_leuart.o(.text)
    LEUART_Sync                              0x00001e53   Thumb Code    24  em_leuart.o(.text)
    .text                                    0x00001e74   Section        0  em_wdog.o(.text)
    BITBAND_Peripheral                       0x00001e75   Thumb Code    18  em_wdog.o(.text)
    .text                                    0x00001f64   Section        0  clock.o(.text)
    .text                                    0x00001fe4   Section        0  autostart.o(.text)
    .text                                    0x00002020   Section        0  etimer.o(.text)
    update_time                              0x00002021   Thumb Code    70  etimer.o(.text)
    process_thread_etimer_process            0x00002071   Thumb Code   222  etimer.o(.text)
    add_timer                                0x0000214f   Thumb Code    64  etimer.o(.text)
    .text                                    0x00002268   Section        0  process.o(.text)
    exit_process                             0x00002287   Thumb Code   150  process.o(.text)
    call_process                             0x0000231d   Thumb Code    74  process.o(.text)
    do_poll                                  0x000023ed   Thumb Code    44  process.o(.text)
    do_event                                 0x00002419   Thumb Code   196  process.o(.text)
    .text                                    0x000025b0   Section        0  timer.o(.text)
    .text                                    0x00002604   Section        0  rtimer.o(.text)
    .text                                    0x0000267c   Section        0  ctimer.o(.text)
    process_thread_ctimer_process            0x0000267d   Thumb Code   168  ctimer.o(.text)
    .text                                    0x00002860   Section        0  rtimer-arch.o(.text)
    NVIC_DisableIRQ                          0x0000297d   Thumb Code    18  rtimer-arch.o(.text)
    TIMER_Enable                             0x0000298f   Thumb Code    14  rtimer-arch.o(.text)
    TIMER_IntClear                           0x0000299d   Thumb Code     4  rtimer-arch.o(.text)
    TIMER_TopSet                             0x000029a1   Thumb Code     4  rtimer-arch.o(.text)
    .text                                    0x000029c8   Section        0  list.o(.text)
    .text                                    0x00002adc   Section        0  app_task.o(.text)
    PrepareTxFrame                           0x00002add   Thumb Code   176  app_task.o(.text)
    ProcessRxFrame                           0x00002b8d   Thumb Code   266  app_task.o(.text)
    SendFrame                                0x00002c97   Thumb Code    78  app_task.o(.text)
    OnJoinReqTimerEvent                      0x00002cf5   Thumb Code    26  app_task.o(.text)
    OnTxNextPacketTimerEvent                 0x00002d0f   Thumb Code    16  app_task.o(.text)
    OnMacEvent                               0x00002d2f   Thumb Code   126  app_task.o(.text)
    TxFrame                                  0x00002dad   Thumb Code   106  app_task.o(.text)
    process_thread_app_led                   0x00002e17   Thumb Code   168  app_task.o(.text)
    process_thread_RF_JOIN_TASK              0x00002ebf   Thumb Code   222  app_task.o(.text)
    process_thread_RF_HEARTBEAT_TASK         0x00002f9d   Thumb Code   156  app_task.o(.text)
    process_thread_Board_Init_Task           0x00003039   Thumb Code   124  app_task.o(.text)
    process_thread_WDOG_Feed_Task            0x000030b5   Thumb Code    82  app_task.o(.text)
    .text                                    0x0000321c   Section        0  loramac.o(.text)
    RxWindowSetup                            0x0000321d   Thumb Code   236  loramac.o(.text)
    OnRxWindow2TimerEvent                    0x00003309   Thumb Code   136  loramac.o(.text)
    OnRadioTxDone                            0x00003391   Thumb Code   260  loramac.o(.text)
    OnAckTimeoutTimerEvent                   0x00003495   Thumb Code    62  loramac.o(.text)
    PrepareRxDoneAbort                       0x000034d3   Thumb Code    84  loramac.o(.text)
    AddMacCommand                            0x00003527   Thumb Code   582  loramac.o(.text)
    ValueInRange                             0x0000376d   Thumb Code    18  loramac.o(.text)
    DisableChannelInMask                     0x0000386f   Thumb Code    64  loramac.o(.text)
    Rx2FreqInRange                           0x00003901   Thumb Code    22  loramac.o(.text)
    ProcessMacCommands                       0x00003917   Thumb Code  1044  loramac.o(.text)
    OnRadioRxDone                            0x00003d2b   Thumb Code  2168  loramac.o(.text)
    OnRadioTxTimeout                         0x000045a3   Thumb Code    48  loramac.o(.text)
    OnRadioRxError                           0x000045d3   Thumb Code    66  loramac.o(.text)
    OnRadioRxTimeout                         0x00004615   Thumb Code    66  loramac.o(.text)
    LimitTxPower                             0x00004657   Thumb Code     6  loramac.o(.text)
    CountBits                                0x0000481f   Thumb Code    40  loramac.o(.text)
    SetNextChannel                           0x00004847   Thumb Code   686  loramac.o(.text)
    RetransmissionDutyCylce                  0x00004af5   Thumb Code    42  loramac.o(.text)
    CalculateBackOff                         0x00004b1f   Thumb Code   256  loramac.o(.text)
    ScheduleTx                               0x00004c1f   Thumb Code   144  loramac.o(.text)
    OnMacStateCheckTimerEvent                0x00004caf   Thumb Code  1100  loramac.o(.text)
    ParseMacCommandsToRepeat                 0x000050fb   Thumb Code   106  loramac.o(.text)
    ValidatePayloadLength                    0x00005165   Thumb Code    44  loramac.o(.text)
    AdrNextDr                                0x00005191   Thumb Code    90  loramac.o(.text)
    OnTxDelayedTimerEvent                    0x00005659   Thumb Code    96  loramac.o(.text)
    OnRxWindow1TimerEvent                    0x000056b9   Thumb Code   140  loramac.o(.text)
    SetPublicNetwork                         0x00005745   Thumb Code    48  loramac.o(.text)
    AlternateDatarate                        0x000058bb   Thumb Code     8  loramac.o(.text)
    ResetMacParameters                       0x000058c3   Thumb Code   188  loramac.o(.text)
    .text                                    0x00006198   Section        0  loramac-api-v3.o(.text)
    McpsConfirm                              0x00006199   Thumb Code    74  loramac-api-v3.o(.text)
    McpsIndication                           0x000061e3   Thumb Code   108  loramac-api-v3.o(.text)
    MlmeConfirm                              0x0000624f   Thumb Code   146  loramac-api-v3.o(.text)
    .text                                    0x000067a8   Section        0  loramaccrypto.o(.text)
    .text                                    0x00006a60   Section        0  sx1276_hal.o(.text)
    NVIC_SetPriority                         0x00006a61   Thumb Code    32  sx1276_hal.o(.text)
    NVIC_EnableIRQ                           0x00006dcd   Thumb Code    22  sx1276_hal.o(.text)
    NVIC_DisableIRQ                          0x00006de3   Thumb Code    18  sx1276_hal.o(.text)
    GPIO_PinInGet                            0x00006df5   Thumb Code    22  sx1276_hal.o(.text)
    GPIO_PinOutClear                         0x00006e0b   Thumb Code    20  sx1276_hal.o(.text)
    GPIO_PinOutSet                           0x00006e1f   Thumb Code    20  sx1276_hal.o(.text)
    .text                                    0x00006ea0   Section        0  sx1276.o(.text)
    RxChainCalibration                       0x00006fbf   Thumb Code   174  sx1276.o(.text)
    GetFskBandwidthRegValue                  0x00007281   Thumb Code    50  sx1276.o(.text)
    .text                                    0x0000884c   Section        0  aes.o(.text)
    copy_block                               0x0000884d   Thumb Code    66  aes.o(.text)
    copy_block_nn                            0x0000888f   Thumb Code    24  aes.o(.text)
    xor_block                                0x000088a7   Thumb Code   130  aes.o(.text)
    copy_and_key                             0x00008929   Thumb Code   132  aes.o(.text)
    add_round_key                            0x000089ad   Thumb Code    16  aes.o(.text)
    shift_sub_rows                           0x000089bd   Thumb Code   108  aes.o(.text)
    mix_sub_columns                          0x00008a29   Thumb Code   630  aes.o(.text)
    .text                                    0x00008e84   Section        0  cmac.o(.text)
    .text                                    0x0000915c   Section        0  utilities.o(.text)
    .text                                    0x0000920c   Section        0  memcpya.o(.text)
    .text                                    0x00009230   Section        0  memseta.o(.text)
    .text                                    0x00009254   Section        0  dadd.o(.text)
    .text                                    0x000093a2   Section        0  dmul.o(.text)
    .text                                    0x00009486   Section        0  ddiv.o(.text)
    .text                                    0x00009564   Section        0  dflti.o(.text)
    .text                                    0x00009586   Section        0  dfltui.o(.text)
    .text                                    0x000095a0   Section        0  dfixi.o(.text)
    .text                                    0x000095de   Section        0  dfixui.o(.text)
    .text                                    0x00009610   Section       48  cdrcmple.o(.text)
    .text                                    0x00009640   Section        0  uidiv.o(.text)
    .text                                    0x0000966c   Section        0  uldiv.o(.text)
    .text                                    0x000096ce   Section        0  llshl.o(.text)
    .text                                    0x000096ec   Section        0  llushr.o(.text)
    .text                                    0x0000970c   Section        0  llsshr.o(.text)
    .text                                    0x00009730   Section        0  depilogue.o(.text)
    .text                                    0x00009730   Section        0  iusefp.o(.text)
    .text                                    0x000097ec   Section        0  drnd.o(.text)
    .text                                    0x00009874   Section        0  dfixul.o(.text)
    .text                                    0x000098a4   Section       48  cdcmple.o(.text)
    .text                                    0x000098d4   Section       36  init.o(.text)
    .text                                    0x000098f8   Section        0  __dczerorl2.o(.text)
    i.__0printf                              0x00009950   Section        0  printfa.o(i.__0printf)
    i.__scatterload_copy                     0x00009970   Section       14  handlers.o(i.__scatterload_copy)
    i.__scatterload_null                     0x0000997e   Section        2  handlers.o(i.__scatterload_null)
    i.__scatterload_zeroinit                 0x00009980   Section       14  handlers.o(i.__scatterload_zeroinit)
    i._fp_digits                             0x00009990   Section        0  printfa.o(i._fp_digits)
    _fp_digits                               0x00009991   Thumb Code   334  printfa.o(i._fp_digits)
    i._printf_core                           0x00009af4   Section        0  printfa.o(i._printf_core)
    _printf_core                             0x00009af5   Thumb Code  1744  printfa.o(i._printf_core)
    i._printf_post_padding                   0x0000a1d0   Section        0  printfa.o(i._printf_post_padding)
    _printf_post_padding                     0x0000a1d1   Thumb Code    36  printfa.o(i._printf_post_padding)
    i._printf_pre_padding                    0x0000a1f4   Section        0  printfa.o(i._printf_pre_padding)
    _printf_pre_padding                      0x0000a1f5   Thumb Code    46  printfa.o(i._printf_pre_padding)
    i.ceil                                   0x0000a224   Section        0  ceil.o(i.ceil)
    i.floor                                  0x0000a300   Section        0  floor.o(i.floor)
    i.round                                  0x0000a3dc   Section        0  round.o(i.round)
    .constdata                               0x0000a470   Section       23  time.o(.constdata)
    .constdata                               0x0000a488   Section       11  rtimer-arch.o(.constdata)
    .constdata                               0x0000a494   Section       16  app_task.o(.constdata)
    .constdata                               0x0000a4a4   Section       40  loramac.o(.constdata)
    .constdata                               0x0000a4cc   Section       84  sx1276_hal.o(.constdata)
    .constdata                               0x0000a520   Section      224  sx1276.o(.constdata)
    .constdata                               0x0000a600   Section      768  aes.o(.constdata)
    sbox                                     0x0000a600   Data         256  aes.o(.constdata)
    gfm2_sbox                                0x0000a700   Data         256  aes.o(.constdata)
    gfm3_sbox                                0x0000a800   Data         256  aes.o(.constdata)
    .conststring                             0x0000a900   Section       12  etimer.o(.conststring)
    .conststring                             0x0000a90c   Section       15  ctimer.o(.conststring)
    .conststring                             0x0000a91c   Section       76  app_task.o(.conststring)
    .data                                    0x20000000   Section       12  system_efm32g.o(.data)
    SystemHFXOClock                          0x20000000   Data           4  system_efm32g.o(.data)
    SystemLFXOClock                          0x20000004   Data           4  system_efm32g.o(.data)
    .data                                    0x2000000c   Section        5  main.o(.data)
    .data                                    0x20000014   Section        8  rtc.o(.data)
    .data                                    0x2000001c   Section       16  leusart.o(.data)
    .data                                    0x2000002c   Section        7  dht11.o(.data)
    AppDataSize                              0x2000002c   Data           1  dht11.o(.data)
    AppPort                                  0x2000002d   Data           1  dht11.o(.data)
    .data                                    0x20000034   Section        4  em_emu.o(.data)
    cmuStatus                                0x20000034   Data           4  em_emu.o(.data)
    .data                                    0x20000038   Section       12  clock.o(.data)
    current_clock                            0x20000038   Data           4  clock.o(.data)
    current_seconds                          0x2000003c   Data           4  clock.o(.data)
    second_countdown                         0x20000040   Data           4  clock.o(.data)
    .data                                    0x20000044   Section       24  etimer.o(.data)
    timerlist                                0x20000044   Data           4  etimer.o(.data)
    next_expiration                          0x20000048   Data           4  etimer.o(.data)
    .data                                    0x2000005c   Section       29  process.o(.data)
    lastevent                                0x20000064   Data           1  process.o(.data)
    nevents                                  0x20000065   Data           1  process.o(.data)
    fevent                                   0x20000066   Data           1  process.o(.data)
    poll_requested                           0x20000067   Data           1  process.o(.data)
    ev                                       0x20000068   Data           1  process.o(.data)
    data                                     0x2000006c   Data           4  process.o(.data)
    receiver                                 0x20000070   Data           4  process.o(.data)
    p                                        0x20000074   Data           4  process.o(.data)
    snum                                     0x20000078   Data           1  process.o(.data)
    .data                                    0x2000007c   Section        4  rtimer.o(.data)
    next_rtimer                              0x2000007c   Data           4  rtimer.o(.data)
    .data                                    0x20000080   Section       28  ctimer.o(.data)
    ctimer_list_list                         0x20000080   Data           4  ctimer.o(.data)
    ctimer_list                              0x20000084   Data           4  ctimer.o(.data)
    initialized                              0x20000088   Data           1  ctimer.o(.data)
    .data                                    0x2000009c   Section       10  rtimer-arch.o(.data)
    TOP2                                     0x2000009c   Data           4  rtimer-arch.o(.data)
    time_msb                                 0x200000a0   Data           4  rtimer-arch.o(.data)
    clock_to_wait                            0x200000a4   Data           2  rtimer-arch.o(.data)
    .data                                    0x200000a8   Section      142  app_task.o(.data)
    DevEui                                   0x200000a8   Data           8  app_task.o(.data)
    AppEui                                   0x200000b0   Data           8  app_task.o(.data)
    AppKey                                   0x200000b8   Data          16  app_task.o(.data)
    IsNetworkJoined                          0x200000c8   Data           1  app_task.o(.data)
    AppPort                                  0x200000c9   Data           1  app_task.o(.data)
    AppDataSize                              0x200000ca   Data           1  app_task.o(.data)
    IsTxConfirmed                            0x200000cb   Data           1  app_task.o(.data)
    TxDutyCycleTime                          0x200000cc   Data           4  app_task.o(.data)
    TxNextPacket                             0x200000d0   Data           1  app_task.o(.data)
    ScheduleNextTx                           0x200000d1   Data           1  app_task.o(.data)
    LoRaMacCallbacks                         0x200000d4   Data           8  app_task.o(.data)
    sendFrameStatus                          0x20000134   Data           1  app_task.o(.data)
    sendFrameStatus                          0x20000135   Data           1  app_task.o(.data)
    .data                                    0x20000138   Section      248  loramac.o(.data)
    LoRaMacDevEui                            0x20000138   Data           4  loramac.o(.data)
    LoRaMacAppEui                            0x2000013c   Data           4  loramac.o(.data)
    LoRaMacAppKey                            0x20000140   Data           4  loramac.o(.data)
    LoRaMacDevNonce                          0x20000144   Data           2  loramac.o(.data)
    LoRaMacNetID                             0x20000148   Data           4  loramac.o(.data)
    LoRaMacDevAddr                           0x2000014c   Data           4  loramac.o(.data)
    MulticastChannels                        0x20000150   Data           4  loramac.o(.data)
    LoRaMacDeviceClass                       0x20000154   Data           1  loramac.o(.data)
    PublicNetwork                            0x20000155   Data           1  loramac.o(.data)
    RepeaterSupport                          0x20000156   Data           1  loramac.o(.data)
    LoRaMacBufferPktLen                      0x20000158   Data           2  loramac.o(.data)
    UpLinkCounter                            0x2000015c   Data           4  loramac.o(.data)
    DownLinkCounter                          0x20000160   Data           4  loramac.o(.data)
    IsUpLinkCounterFixed                     0x20000164   Data           1  loramac.o(.data)
    IsRxWindowsEnabled                       0x20000165   Data           1  loramac.o(.data)
    IsLoRaMacNetworkJoined                   0x20000166   Data           1  loramac.o(.data)
    AdrCtrlOn                                0x20000167   Data           1  loramac.o(.data)
    AdrAckCounter                            0x20000168   Data           4  loramac.o(.data)
    NodeAckRequested                         0x2000016c   Data           1  loramac.o(.data)
    SrvAckRequested                          0x2000016d   Data           1  loramac.o(.data)
    MacCommandsInNextTx                      0x2000016e   Data           1  loramac.o(.data)
    MacCommandsBufferIndex                   0x2000016f   Data           1  loramac.o(.data)
    MacCommandsBufferToRepeatIndex           0x20000170   Data           1  loramac.o(.data)
    Bands                                    0x20000174   Data          12  loramac.o(.data)
    Channels                                 0x20000180   Data         128  loramac.o(.data)
    ChannelsNbRepCounter                     0x20000200   Data           1  loramac.o(.data)
    MaxDCycle                                0x20000201   Data           1  loramac.o(.data)
    AggregatedDCycle                         0x20000202   Data           2  loramac.o(.data)
    AggregatedLastTxDoneTime                 0x20000204   Data           4  loramac.o(.data)
    AggregatedTimeOff                        0x20000208   Data           4  loramac.o(.data)
    DutyCycleOn                              0x2000020c   Data           1  loramac.o(.data)
    Channel                                  0x2000020d   Data           1  loramac.o(.data)
    LastTxChannel                            0x2000020e   Data           1  loramac.o(.data)
    LoRaMacPrimitives                        0x20000214   Data           4  loramac.o(.data)
    LoRaMacCallbacks                         0x20000218   Data           4  loramac.o(.data)
    RxWindow1Delay                           0x2000021c   Data           4  loramac.o(.data)
    RxWindow2Delay                           0x20000220   Data           4  loramac.o(.data)
    AckTimeoutRetries                        0x20000224   Data           1  loramac.o(.data)
    AckTimeoutRetriesCounter                 0x20000225   Data           1  loramac.o(.data)
    AckTimeoutRetry                          0x20000226   Data           1  loramac.o(.data)
    JoinRequestTrials                        0x2000022c   Data           2  loramac.o(.data)
    RxSlot                                   0x2000022e   Data           1  loramac.o(.data)
    .data                                    0x20000230   Section       16  loramac-api-v3.o(.data)
    LoRaMacEventFlags                        0x20000230   Data           1  loramac-api-v3.o(.data)
    LoRaMacCallback                          0x20000234   Data           4  loramac-api-v3.o(.data)
    LoRaMacCallbacks                         0x20000238   Data           8  loramac-api-v3.o(.data)
    .data                                    0x20000240   Section       32  loramaccrypto.o(.data)
    MicBlockB0                               0x20000240   Data          16  loramaccrypto.o(.data)
    aBlock                                   0x20000250   Data          16  loramaccrypto.o(.data)
    .data                                    0x20000260   Section        1  sx1276_hal.o(.data)
    RadioIsActive                            0x20000260   Data           1  sx1276_hal.o(.data)
    .data                                    0x20000264   Section        4  sx1276.o(.data)
    RadioEvents                              0x20000264   Data           4  sx1276.o(.data)
    .data                                    0x20000268   Section        4  utilities.o(.data)
    next                                     0x20000268   Data           4  utilities.o(.data)
    .data                                    0x2000026c   Section        4  stdout.o(.data)
    .bss                                     0x20000270   Section        8  sysdelay.o(.bss)
    .bss                                     0x20000278   Section       64  dht11.o(.bss)
    AppData                                  0x20000278   Data          64  dht11.o(.bss)
    .bss                                     0x200002b8   Section      384  process.o(.bss)
    events                                   0x200002b8   Data         384  process.o(.bss)
    .bss                                     0x20000438   Section      204  app_task.o(.bss)
    AppData                                  0x20000438   Data          64  app_task.o(.bss)
    TxNextPacketTimer                        0x20000478   Data          36  app_task.o(.bss)
    JoinReqTimer                             0x2000049c   Data          36  app_task.o(.bss)
    et                                       0x200004d4   Data          16  app_task.o(.bss)
    et                                       0x200004e4   Data          16  app_task.o(.bss)
    et                                       0x200004f4   Data          16  app_task.o(.bss)
    .bss                                     0x20000504   Section     1184  loramac.o(.bss)
    LoRaMacNwkSKey                           0x20000504   Data          16  loramac.o(.bss)
    LoRaMacAppSKey                           0x20000514   Data          16  loramac.o(.bss)
    LoRaMacBuffer                            0x20000524   Data         255  loramac.o(.bss)
    LoRaMacPayload                           0x20000623   Data         255  loramac.o(.bss)
    LoRaMacRxPayload                         0x20000722   Data         255  loramac.o(.bss)
    MacCommandsBuffer                        0x20000821   Data          15  loramac.o(.bss)
    MacCommandsBufferToRepeat                0x20000830   Data          15  loramac.o(.bss)
    MacStateCheckTimer                       0x200008a0   Data          36  loramac.o(.bss)
    RadioEvents                              0x200008c4   Data          28  loramac.o(.bss)
    TxDelayedTimer                           0x200008e0   Data          36  loramac.o(.bss)
    RxWindowTimer1                           0x20000904   Data          36  loramac.o(.bss)
    RxWindowTimer2                           0x20000928   Data          36  loramac.o(.bss)
    AckTimeoutTimer                          0x2000094c   Data          36  loramac.o(.bss)
    McpsIndication                           0x20000970   Data          24  loramac.o(.bss)
    McpsConfirm                              0x20000988   Data          16  loramac.o(.bss)
    MlmeConfirm                              0x20000998   Data          12  loramac.o(.bss)
    .bss                                     0x200009a4   Section       36  loramac-api-v3.o(.bss)
    LoRaMacEventInfo                         0x200009a4   Data          24  loramac-api-v3.o(.bss)
    LoRaMacPrimitives                        0x200009bc   Data          12  loramac-api-v3.o(.bss)
    .bss                                     0x200009c8   Section      556  loramaccrypto.o(.bss)
    Mic                                      0x200009c8   Data          16  loramaccrypto.o(.bss)
    sBlock                                   0x200009d8   Data          16  loramaccrypto.o(.bss)
    AesContext                               0x200009e8   Data         241  loramaccrypto.o(.bss)
    AesCmacCtx                               0x20000adc   Data         280  loramaccrypto.o(.bss)
    .bss                                     0x20000bf4   Section      456  sx1276.o(.bss)
    STACK                                    0x20000dc0   Section     1024  startup_efm32g.o(STACK)

    Global Symbols

    Symbol Name                              Value     Ov Type        Size  Object(Section)

    BuildAttributes$$THM_ISAv4$P$D$K$B$S$PE$A:L22UL41UL21$X:L11$S22US41US21$IEEE1$IW$USESV6$~STKCKD$USESV7$~SHL$OTIME$ROPI$IEEEJ$EBA8$MICROLIB$REQ8$PRES8$EABIv2 0x00000000   Number         0  anon$$obj.o ABSOLUTE
    __ARM_use_no_argv                        0x00000000   Number         0  main.o ABSOLUTE
    __Vectors                                0x00000000   Data           4  startup_efm32g.o(RESET)
    _printf_a                                0x00000000   Number         0  stubs.o ABSOLUTE
    _printf_c                                0x00000000   Number         0  stubs.o ABSOLUTE
    _printf_charcount                        0x00000000   Number         0  stubs.o ABSOLUTE
    _printf_d                                0x00000000   Number         0  stubs.o ABSOLUTE
    _printf_e                                0x00000000   Number         0  stubs.o ABSOLUTE
    _printf_f                                0x00000000   Number         0  stubs.o ABSOLUTE
    _printf_flags                            0x00000000   Number         0  stubs.o ABSOLUTE
    _printf_fp_dec                           0x00000000   Number         0  stubs.o ABSOLUTE
    _printf_fp_hex                           0x00000000   Number         0  stubs.o ABSOLUTE
    _printf_g                                0x00000000   Number         0  stubs.o ABSOLUTE
    _printf_i                                0x00000000   Number         0  stubs.o ABSOLUTE
    _printf_int_dec                          0x00000000   Number         0  stubs.o ABSOLUTE
    _printf_l                                0x00000000   Number         0  stubs.o ABSOLUTE
    _printf_lc                               0x00000000   Number         0  stubs.o ABSOLUTE
    _printf_ll                               0x00000000   Number         0  stubs.o ABSOLUTE
    _printf_lld                              0x00000000   Number         0  stubs.o ABSOLUTE
    _printf_lli                              0x00000000   Number         0  stubs.o ABSOLUTE
    _printf_llo                              0x00000000   Number         0  stubs.o ABSOLUTE
    _printf_llu                              0x00000000   Number         0  stubs.o ABSOLUTE
    _printf_llx                              0x00000000   Number         0  stubs.o ABSOLUTE
    _printf_longlong_dec                     0x00000000   Number         0  stubs.o ABSOLUTE
    _printf_longlong_hex                     0x00000000   Number         0  stubs.o ABSOLUTE
    _printf_longlong_oct                     0x00000000   Number         0  stubs.o ABSOLUTE
    _printf_ls                               0x00000000   Number         0  stubs.o ABSOLUTE
    _printf_mbtowc                           0x00000000   Number         0  stubs.o ABSOLUTE
    _printf_n                                0x00000000   Number         0  stubs.o ABSOLUTE
    _printf_o                                0x00000000   Number         0  stubs.o ABSOLUTE
    _printf_p                                0x00000000   Number         0  stubs.o ABSOLUTE
    _printf_percent                          0x00000000   Number         0  stubs.o ABSOLUTE
    _printf_pre_padding                      0x00000000   Number         0  stubs.o ABSOLUTE
    _printf_return_value                     0x00000000   Number         0  stubs.o ABSOLUTE
    _printf_s                                0x00000000   Number         0  stubs.o ABSOLUTE
    _printf_sizespec                         0x00000000   Number         0  stubs.o ABSOLUTE
    _printf_str                              0x00000000   Number         0  stubs.o ABSOLUTE
    _printf_truncate_signed                  0x00000000   Number         0  stubs.o ABSOLUTE
    _printf_truncate_unsigned                0x00000000   Number         0  stubs.o ABSOLUTE
    _printf_u                                0x00000000   Number         0  stubs.o ABSOLUTE
    _printf_wc                               0x00000000   Number         0  stubs.o ABSOLUTE
    _printf_wctomb                           0x00000000   Number         0  stubs.o ABSOLUTE
    _printf_widthprec                        0x00000000   Number         0  stubs.o ABSOLUTE
    _printf_x                                0x00000000   Number         0  stubs.o ABSOLUTE
    __cpp_initialize__aeabi_                  - Undefined Weak Reference
    __cxa_finalize                            - Undefined Weak Reference
    _clock_init                               - Undefined Weak Reference
    _microlib_exit                            - Undefined Weak Reference
    __Vectors_End                            0x000000b8   Data           0  startup_efm32g.o(RESET)
    __Vectors_Size                           0x000000b8   Number         0  startup_efm32g.o ABSOLUTE
    __main                                   0x000000b9   Thumb Code     0  entry.o(.ARM.Collect$$$$00000000)
    _main_stk                                0x000000b9   Thumb Code     0  entry2.o(.ARM.Collect$$$$00000001)
    _main_scatterload                        0x000000bd   Thumb Code     0  entry5.o(.ARM.Collect$$$$00000004)
    __main_after_scatterload                 0x000000c1   Thumb Code     0  entry5.o(.ARM.Collect$$$$00000004)
    _main_clock                              0x000000c1   Thumb Code     0  entry7b.o(.ARM.Collect$$$$00000008)
    _main_cpp_init                           0x000000c1   Thumb Code     0  entry8b.o(.ARM.Collect$$$$0000000A)
    _main_init                               0x000000c1   Thumb Code     0  entry9a.o(.ARM.Collect$$$$0000000B)
    __rt_final_cpp                           0x000000c9   Thumb Code     0  entry10a.o(.ARM.Collect$$$$0000000D)
    __rt_final_exit                          0x000000c9   Thumb Code     0  entry11a.o(.ARM.Collect$$$$0000000F)
    SystemHFClockGet                         0x000000cd   Thumb Code   156  system_efm32g.o(.text)
    SystemCoreClockGet                       0x00000169   Thumb Code    26  system_efm32g.o(.text)
    SystemHFXOClockGet                       0x00000183   Thumb Code     6  system_efm32g.o(.text)
    SystemHFXOClockSet                       0x00000189   Thumb Code    24  system_efm32g.o(.text)
    SystemInit                               0x000001a1   Thumb Code     2  system_efm32g.o(.text)
    SystemLFRCOClockGet                      0x000001a3   Thumb Code     6  system_efm32g.o(.text)
    SystemULFRCOClockGet                     0x000001a9   Thumb Code     6  system_efm32g.o(.text)
    SystemLFXOClockGet                       0x000001af   Thumb Code     6  system_efm32g.o(.text)
    SystemLFXOClockSet                       0x000001b5   Thumb Code    24  system_efm32g.o(.text)
    Reset_Handler                            0x00000201   Thumb Code     8  startup_efm32g.o(.text)
    NMI_Handler                              0x00000209   Thumb Code     2  startup_efm32g.o(.text)
    HardFault_Handler                        0x0000020b   Thumb Code     2  startup_efm32g.o(.text)
    MemManage_Handler                        0x0000020d   Thumb Code     2  startup_efm32g.o(.text)
    BusFault_Handler                         0x0000020f   Thumb Code     2  startup_efm32g.o(.text)
    UsageFault_Handler                       0x00000211   Thumb Code     2  startup_efm32g.o(.text)
    SVC_Handler                              0x00000213   Thumb Code     2  startup_efm32g.o(.text)
    DebugMon_Handler                         0x00000215   Thumb Code     2  startup_efm32g.o(.text)
    PendSV_Handler                           0x00000217   Thumb Code     2  startup_efm32g.o(.text)
    SysTick_Handler                          0x00000219   Thumb Code     2  startup_efm32g.o(.text)
    ACMP0_IRQHandler                         0x0000021b   Thumb Code     0  startup_efm32g.o(.text)
    ADC0_IRQHandler                          0x0000021b   Thumb Code     0  startup_efm32g.o(.text)
    AES_IRQHandler                           0x0000021b   Thumb Code     0  startup_efm32g.o(.text)
    CMU_IRQHandler                           0x0000021b   Thumb Code     0  startup_efm32g.o(.text)
    DAC0_IRQHandler                          0x0000021b   Thumb Code     0  startup_efm32g.o(.text)
    DMA_IRQHandler                           0x0000021b   Thumb Code     0  startup_efm32g.o(.text)
    I2C0_IRQHandler                          0x0000021b   Thumb Code     0  startup_efm32g.o(.text)
    LCD_IRQHandler                           0x0000021b   Thumb Code     0  startup_efm32g.o(.text)
    LETIMER0_IRQHandler                      0x0000021b   Thumb Code     0  startup_efm32g.o(.text)
    LEUART1_IRQHandler                       0x0000021b   Thumb Code     0  startup_efm32g.o(.text)
    MSC_IRQHandler                           0x0000021b   Thumb Code     0  startup_efm32g.o(.text)
    PCNT0_IRQHandler                         0x0000021b   Thumb Code     0  startup_efm32g.o(.text)
    PCNT1_IRQHandler                         0x0000021b   Thumb Code     0  startup_efm32g.o(.text)
    PCNT2_IRQHandler                         0x0000021b   Thumb Code     0  startup_efm32g.o(.text)
    TIMER0_IRQHandler                        0x0000021b   Thumb Code     0  startup_efm32g.o(.text)
    TIMER2_IRQHandler                        0x0000021b   Thumb Code     0  startup_efm32g.o(.text)
    UART0_RX_IRQHandler                      0x0000021b   Thumb Code     0  startup_efm32g.o(.text)
    UART0_TX_IRQHandler                      0x0000021b   Thumb Code     0  startup_efm32g.o(.text)
    USART0_RX_IRQHandler                     0x0000021b   Thumb Code     0  startup_efm32g.o(.text)
    USART0_TX_IRQHandler                     0x0000021b   Thumb Code     0  startup_efm32g.o(.text)
    USART1_RX_IRQHandler                     0x0000021b   Thumb Code     0  startup_efm32g.o(.text)
    USART1_TX_IRQHandler                     0x0000021b   Thumb Code     0  startup_efm32g.o(.text)
    USART2_RX_IRQHandler                     0x0000021b   Thumb Code     0  startup_efm32g.o(.text)
    USART2_TX_IRQHandler                     0x0000021b   Thumb Code     0  startup_efm32g.o(.text)
    VCMP_IRQHandler                          0x0000021b   Thumb Code     0  startup_efm32g.o(.text)
    main                                     0x00000315   Thumb Code   124  main.o(.text)
    Systick_Delay_Init                       0x000003d1   Thumb Code    72  sysdelay.o(.text)
    Systick_Delay_Cycle                      0x00000419   Thumb Code    58  sysdelay.o(.text)
    Systick_Delay_uS                         0x00000453   Thumb Code    64  sysdelay.o(.text)
    Systick_Delay_mS                         0x00000493   Thumb Code    64  sysdelay.o(.text)
    Systick_Delay_1S                         0x000004d3   Thumb Code    34  sysdelay.o(.text)
    delay_10ms                               0x000004f5   Thumb Code    28  sysdelay.o(.text)
    led_Init                                 0x00000525   Thumb Code    40  led.o(.text)
    Rcc_Init                                 0x0000054d   Thumb Code   102  rcc.o(.text)
    Rtc_Init                                 0x000005cd   Thumb Code   104  rtc.o(.text)
    TIMER_Reset_Counter                      0x00000649   Thumb Code     6  time.o(.text)
    Pwm_Init                                 0x0000064f   Thumb Code   120  time.o(.text)
    TIMER1_Conging                           0x000006c7   Thumb Code   116  time.o(.text)
    InitLeuart                               0x00000775   Thumb Code    34  leusart.o(.text)
    Leusart_Init                             0x00000797   Thumb Code    84  leusart.o(.text)
    Leusart_Txdata                           0x000007eb   Thumb Code    30  leusart.o(.text)
    LEUART0_IRQHandler                       0x00000809   Thumb Code     6  leusart.o(.text)
    fputc                                    0x0000080f   Thumb Code    32  leusart.o(.text)
    fgetc                                    0x0000082f   Thumb Code    26  leusart.o(.text)
    SPI0_Init                                0x0000085d   Thumb Code   146  spi0.o(.text)
    SpiInOut                                 0x000008ef   Thumb Code    36  spi0.o(.text)
    DHT_IOInput                              0x00000925   Thumb Code    16  dht11.o(.text)
    DHT_IOPushPull                           0x00000935   Thumb Code    16  dht11.o(.text)
    DHT11_Read_Data                          0x000009f9   Thumb Code   420  dht11.o(.text)
    TxDHTFrame                               0x00000b9d   Thumb Code   136  dht11.o(.text)
    SYSTEM_ChipRevisionGet                   0x00000cb9   Thumb Code    62  em_system.o(.text)
    SYSTEM_GetCalibrationValue               0x00000cf7   Thumb Code    38  em_system.o(.text)
    CMU_ClockSelectGet                       0x00000db5   Thumb Code   174  em_cmu.o(.text)
    CMU_Calibrate                            0x00000ed5   Thumb Code    92  em_cmu.o(.text)
    CMU_ClockDivGet                          0x00000f31   Thumb Code   162  em_cmu.o(.text)
    CMU_ClockDivSet                          0x00000fd3   Thumb Code   226  em_cmu.o(.text)
    CMU_ClockEnable                          0x000010b5   Thumb Code   140  em_cmu.o(.text)
    CMU_ClockFreqGet                         0x00001141   Thumb Code   180  em_cmu.o(.text)
    CMU_OscillatorEnable                     0x000011f5   Thumb Code   114  em_cmu.o(.text)
    CMU_ClockSelectSet                       0x00001267   Thumb Code   250  em_cmu.o(.text)
    CMU_FreezeEnable                         0x00001361   Thumb Code    28  em_cmu.o(.text)
    CMU_HFRCOBandGet                         0x0000137d   Thumb Code    10  em_cmu.o(.text)
    CMU_HFRCOBandSet                         0x00001387   Thumb Code   138  em_cmu.o(.text)
    CMU_HFRCOStartupDelayGet                 0x00001411   Thumb Code    10  em_cmu.o(.text)
    CMU_HFRCOStartupDelaySet                 0x0000141b   Thumb Code    22  em_cmu.o(.text)
    CMU_LCDClkFDIVGet                        0x00001431   Thumb Code     4  em_cmu.o(.text)
    CMU_LCDClkFDIVSet                        0x00001435   Thumb Code     2  em_cmu.o(.text)
    CMU_OscillatorTuningGet                  0x00001437   Thumb Code    50  em_cmu.o(.text)
    CMU_OscillatorTuningSet                  0x00001469   Thumb Code    78  em_cmu.o(.text)
    CMU_PCNTClockExternalGet                 0x000014b7   Thumb Code    46  em_cmu.o(.text)
    CMU_PCNTClockExternalSet                 0x000014e5   Thumb Code    30  em_cmu.o(.text)
    GPIO_DbgLocationSet                      0x0000154f   Thumb Code    20  em_gpio.o(.text)
    GPIO_DriveModeSet                        0x00001563   Thumb Code    30  em_gpio.o(.text)
    GPIO_IntConfig                           0x00001581   Thumb Code   132  em_gpio.o(.text)
    GPIO_PinModeSet                          0x00001605   Thumb Code   174  em_gpio.o(.text)
    EMU_EnterEM2                             0x000017f5   Thumb Code    94  em_emu.o(.text)
    EMU_EnterEM3                             0x00001853   Thumb Code   138  em_emu.o(.text)
    EMU_EnterEM4                             0x000018dd   Thumb Code    56  em_emu.o(.text)
    EMU_MemPwrDown                           0x00001915   Thumb Code     6  em_emu.o(.text)
    EMU_UpdateOscConfig                      0x0000191b   Thumb Code    12  em_emu.o(.text)
    EMU_EM23Init                             0x00001927   Thumb Code    28  em_emu.o(.text)
    RTC_CompareGet                           0x00001961   Thumb Code    30  em_rtc.o(.text)
    RTC_CompareSet                           0x0000197f   Thumb Code    50  em_rtc.o(.text)
    RTC_Enable                               0x000019b1   Thumb Code    38  em_rtc.o(.text)
    RTC_FreezeEnable                         0x000019d7   Thumb Code    28  em_rtc.o(.text)
    RTC_Init                                 0x000019f3   Thumb Code    42  em_rtc.o(.text)
    RTC_Reset                                0x00001a1d   Thumb Code    26  em_rtc.o(.text)
    RTC_CounterReset                         0x00001a37   Thumb Code    16  em_rtc.o(.text)
    TIMER_Init                               0x00001a7f   Thumb Code   110  em_timer.o(.text)
    TIMER_InitCC                             0x00001aed   Thumb Code   104  em_timer.o(.text)
    TIMER_InitDTI                            0x00001b55   Thumb Code   186  em_timer.o(.text)
    TIMER_Reset                              0x00001c0f   Thumb Code    96  em_timer.o(.text)
    LEUART_BaudrateCalc                      0x00001c71   Thumb Code    38  em_leuart.o(.text)
    LEUART_BaudrateGet                       0x00001c97   Thumb Code    36  em_leuart.o(.text)
    LEUART_BaudrateSet                       0x00001cbb   Thumb Code    66  em_leuart.o(.text)
    LEUART_Enable                            0x00001cfd   Thumb Code    28  em_leuart.o(.text)
    LEUART_FreezeEnable                      0x00001d19   Thumb Code    22  em_leuart.o(.text)
    LEUART_Init                              0x00001d2f   Thumb Code    70  em_leuart.o(.text)
    LEUART_Reset                             0x00001d75   Thumb Code    50  em_leuart.o(.text)
    LEUART_Rx                                0x00001da7   Thumb Code    20  em_leuart.o(.text)
    LEUART_RxExt                             0x00001dbb   Thumb Code    20  em_leuart.o(.text)
    LEUART_Tx                                0x00001dcf   Thumb Code    30  em_leuart.o(.text)
    LEUART_TxExt                             0x00001ded   Thumb Code    30  em_leuart.o(.text)
    LEUART_TxDmaInEM2Enable                  0x00001e0b   Thumb Code    36  em_leuart.o(.text)
    LEUART_RxDmaInEM2Enable                  0x00001e2f   Thumb Code    36  em_leuart.o(.text)
    WDOG_Enable                              0x00001e87   Thumb Code    32  em_wdog.o(.text)
    WDOG_Feed                                0x00001ea7   Thumb Code    48  em_wdog.o(.text)
    WDOG_Lock                                0x00001ed7   Thumb Code    28  em_wdog.o(.text)
    WDOG_Init                                0x00001ef3   Thumb Code   110  em_wdog.o(.text)
    RTC_IRQHandler                           0x00001f65   Thumb Code    90  clock.o(.text)
    clock_init                               0x00001fbf   Thumb Code     8  clock.o(.text)
    clock_time                               0x00001fc7   Thumb Code     6  clock.o(.text)
    clock_seconds                            0x00001fcd   Thumb Code     6  clock.o(.text)
    autostart_start                          0x00001fe5   Thumb Code    30  autostart.o(.text)
    autostart_exit                           0x00002003   Thumb Code    28  autostart.o(.text)
    etimer_request_poll                      0x00002067   Thumb Code    10  etimer.o(.text)
    etimer_set                               0x0000218f   Thumb Code    22  etimer.o(.text)
    etimer_reset                             0x000021a5   Thumb Code    18  etimer.o(.text)
    etimer_restart                           0x000021b7   Thumb Code    18  etimer.o(.text)
    etimer_adjust                            0x000021c9   Thumb Code    18  etimer.o(.text)
    etimer_expired                           0x000021db   Thumb Code    14  etimer.o(.text)
    etimer_expiration_time                   0x000021e9   Thumb Code    10  etimer.o(.text)
    etimer_start_time                        0x000021f3   Thumb Code     6  etimer.o(.text)
    etimer_pending                           0x000021f9   Thumb Code    14  etimer.o(.text)
    etimer_next_expiration_time              0x00002207   Thumb Code    18  etimer.o(.text)
    etimer_stop                              0x00002219   Thumb Code    62  etimer.o(.text)
    process_alloc_event                      0x00002269   Thumb Code    16  process.o(.text)
    process_is_running                       0x00002279   Thumb Code    14  process.o(.text)
    process_post_synch                       0x00002367   Thumb Code    32  process.o(.text)
    process_start                            0x00002387   Thumb Code    60  process.o(.text)
    process_exit                             0x000023c3   Thumb Code    16  process.o(.text)
    process_init                             0x000023d3   Thumb Code    26  process.o(.text)
    process_run                              0x000024dd   Thumb Code    28  process.o(.text)
    process_nevents                          0x000024f9   Thumb Code    12  process.o(.text)
    process_post                             0x00002505   Thumb Code   100  process.o(.text)
    process_poll                             0x00002569   Thumb Code    24  process.o(.text)
    timer_set                                0x000025b1   Thumb Code    16  timer.o(.text)
    timer_reset                              0x000025c1   Thumb Code    10  timer.o(.text)
    timer_restart                            0x000025cb   Thumb Code    12  timer.o(.text)
    timer_expired                            0x000025d7   Thumb Code    28  timer.o(.text)
    timer_remaining                          0x000025f3   Thumb Code    18  timer.o(.text)
    rtimer_init                              0x00002605   Thumb Code     8  rtimer.o(.text)
    rtimer_set                               0x0000260d   Thumb Code    56  rtimer.o(.text)
    rtimer_run_next                          0x00002645   Thumb Code    50  rtimer.o(.text)
    ctimer_init                              0x00002725   Thumb Code    26  ctimer.o(.text)
    ctimer_set                               0x0000273f   Thumb Code    82  ctimer.o(.text)
    ctimer_reset                             0x00002791   Thumb Code    54  ctimer.o(.text)
    ctimer_restart                           0x000027c7   Thumb Code    54  ctimer.o(.text)
    ctimer_stop                              0x000027fd   Thumb Code    36  ctimer.o(.text)
    ctimer_expired                           0x00002821   Thumb Code    48  ctimer.o(.text)
    rtimer_arch_disable_irq                  0x00002861   Thumb Code    10  rtimer-arch.o(.text)
    TIMER1_IRQHandler                        0x0000286b   Thumb Code    90  rtimer-arch.o(.text)
    rtimer_arch_init                         0x000028c5   Thumb Code   100  rtimer-arch.o(.text)
    rtimer_arch_enable_irq                   0x00002929   Thumb Code    22  rtimer-arch.o(.text)
    rtimer_arch_now                          0x0000293f   Thumb Code    10  rtimer-arch.o(.text)
    rtimer_arch_schedule                     0x00002949   Thumb Code    52  rtimer-arch.o(.text)
    list_init                                0x000029c9   Thumb Code     6  list.o(.text)
    list_head                                0x000029cf   Thumb Code     6  list.o(.text)
    list_copy                                0x000029d5   Thumb Code     6  list.o(.text)
    list_tail                                0x000029db   Thumb Code    26  list.o(.text)
    list_remove                              0x000029f5   Thumb Code    52  list.o(.text)
    list_add                                 0x00002a29   Thumb Code    36  list.o(.text)
    list_push                                0x00002a4d   Thumb Code    22  list.o(.text)
    list_chop                                0x00002a63   Thumb Code    48  list.o(.text)
    list_pop                                 0x00002a93   Thumb Code    16  list.o(.text)
    list_length                              0x00002aa3   Thumb Code    18  list.o(.text)
    list_insert                              0x00002ab5   Thumb Code    28  list.o(.text)
    list_item_next                           0x00002ad1   Thumb Code    12  list.o(.text)
    OS_Post_RF_JOIN_REQ                      0x00002ce5   Thumb Code    16  app_task.o(.text)
    OS_RF_Heartbeat_Post                     0x00002d1f   Thumb Code    16  app_task.o(.text)
    LoRaMacChannelAdd                        0x0000377f   Thumb Code   240  loramac.o(.text)
    LoRaMacChannelRemove                     0x000038af   Thumb Code    82  loramac.o(.text)
    SendFrameOnChannel                       0x0000465d   Thumb Code   450  loramac.o(.text)
    PrepareFrame                             0x000051eb   Thumb Code  1134  loramac.o(.text)
    Send                                     0x00005775   Thumb Code   326  loramac.o(.text)
    LoRaMacInitialization                    0x0000597f   Thumb Code   254  loramac.o(.text)
    LoRaMacQueryTxPossible                   0x00005a7d   Thumb Code   130  loramac.o(.text)
    LoRaMacMibGetRequestConfirm              0x00005aff   Thumb Code   244  loramac.o(.text)
    LoRaMacMibSetRequestConfirm              0x00005bf3   Thumb Code   650  loramac.o(.text)
    LoRaMacMulticastChannelLink              0x00005e7d   Thumb Code    60  loramac.o(.text)
    LoRaMacMulticastChannelUnlink            0x00005eb9   Thumb Code    80  loramac.o(.text)
    LoRaMacMlmeRequest                       0x00005f09   Thumb Code   240  loramac.o(.text)
    LoRaMacMcpsRequest                       0x00005ff9   Thumb Code   286  loramac.o(.text)
    LoRaMacTestRxWindowsOn                   0x00006117   Thumb Code     6  loramac.o(.text)
    LoRaMacTestSetMic                        0x0000611d   Thumb Code   112  loramac.o(.text)
    LoRaMacTestSetDutyCycleOn                0x0000618d   Thumb Code     6  loramac.o(.text)
    LoRaMacInit                              0x000062e1   Thumb Code    42  loramac-api-v3.o(.text)
    LoRaMacSetAdrOn                          0x0000630b   Thumb Code    22  loramac-api-v3.o(.text)
    LoRaMacInitNwkIds                        0x00006321   Thumb Code    84  loramac-api-v3.o(.text)
    LoRaMacMulticastChannelAdd               0x00006375   Thumb Code    12  loramac-api-v3.o(.text)
    LoRaMacMulticastChannelRemove            0x00006381   Thumb Code    12  loramac-api-v3.o(.text)
    LoRaMacJoinReq                           0x0000638d   Thumb Code    88  loramac-api-v3.o(.text)
    LoRaMacLinkCheckReq                      0x000063e5   Thumb Code    42  loramac-api-v3.o(.text)
    LoRaMacSendFrame                         0x0000640f   Thumb Code   120  loramac-api-v3.o(.text)
    LoRaMacSendConfirmedFrame                0x00006487   Thumb Code   130  loramac-api-v3.o(.text)
    LoRaMacSend                              0x00006509   Thumb Code    96  loramac-api-v3.o(.text)
    LoRaMacPrepareFrame                      0x00006569   Thumb Code   124  loramac-api-v3.o(.text)
    LoRaMacSendFrameOnChannel                0x000065e5   Thumb Code    24  loramac-api-v3.o(.text)
    LoRaMacSendOnChannel                     0x000065fd   Thumb Code    78  loramac-api-v3.o(.text)
    LoRaMacSetDeviceClass                    0x0000664b   Thumb Code    22  loramac-api-v3.o(.text)
    LoRaMacSetPublicNetwork                  0x00006661   Thumb Code    22  loramac-api-v3.o(.text)
    LoRaMacSetDutyCycleOn                    0x00006677   Thumb Code    12  loramac-api-v3.o(.text)
    LoRaMacSetChannel                        0x00006683   Thumb Code    16  loramac-api-v3.o(.text)
    LoRaMacSetRx2Channel                     0x00006693   Thumb Code    28  loramac-api-v3.o(.text)
    LoRaMacSetChannelsMask                   0x000066af   Thumb Code    20  loramac-api-v3.o(.text)
    LoRaMacSetChannelsNbRep                  0x000066c3   Thumb Code    22  loramac-api-v3.o(.text)
    LoRaMacSetMaxRxWindow                    0x000066d9   Thumb Code    20  loramac-api-v3.o(.text)
    LoRaMacSetReceiveDelay1                  0x000066ed   Thumb Code    20  loramac-api-v3.o(.text)
    LoRaMacSetReceiveDelay2                  0x00006701   Thumb Code    20  loramac-api-v3.o(.text)
    LoRaMacSetJoinAcceptDelay1               0x00006715   Thumb Code    20  loramac-api-v3.o(.text)
    LoRaMacSetJoinAcceptDelay2               0x00006729   Thumb Code    20  loramac-api-v3.o(.text)
    LoRaMacSetChannelsDatarate               0x0000673d   Thumb Code    22  loramac-api-v3.o(.text)
    LoRaMacSetChannelsTxPower                0x00006753   Thumb Code    22  loramac-api-v3.o(.text)
    LoRaMacGetUpLinkCounter                  0x00006769   Thumb Code    18  loramac-api-v3.o(.text)
    LoRaMacGetDownLinkCounter                0x0000677b   Thumb Code    18  loramac-api-v3.o(.text)
    LoRaMacSetMicTest                        0x0000678d   Thumb Code    12  loramac-api-v3.o(.text)
    LoRaMacSateGet                           0x00006799   Thumb Code     6  loramac-api-v3.o(.text)
    LoRaMacComputeMic                        0x000067a9   Thumb Code   136  loramaccrypto.o(.text)
    LoRaMacPayloadEncrypt                    0x00006831   Thumb Code   210  loramaccrypto.o(.text)
    LoRaMacPayloadDecrypt                    0x00006903   Thumb Code    40  loramaccrypto.o(.text)
    LoRaMacJoinComputeMic                    0x0000692b   Thumb Code    78  loramaccrypto.o(.text)
    LoRaMacJoinDecrypt                       0x00006979   Thumb Code    64  loramaccrypto.o(.text)
    LoRaMacJoinComputeSKeys                  0x000069b9   Thumb Code   144  loramaccrypto.o(.text)
    DelayMs                                  0x00006a81   Thumb Code    28  sx1276_hal.o(.text)
    TimerInit                                0x00006a9d   Thumb Code     8  sx1276_hal.o(.text)
    TimerSetValue                            0x00006aa5   Thumb Code     4  sx1276_hal.o(.text)
    TimerStart                               0x00006aa9   Thumb Code    24  sx1276_hal.o(.text)
    TimerStop                                0x00006ac1   Thumb Code    12  sx1276_hal.o(.text)
    RtcGetTimerValue                         0x00006acd   Thumb Code     8  sx1276_hal.o(.text)
    TimerGetCurrentTime                      0x00006ad5   Thumb Code     8  sx1276_hal.o(.text)
    TimerGetElapsedTime                      0x00006add   Thumb Code    34  sx1276_hal.o(.text)
    SX1276IoInit                             0x00006aff   Thumb Code    64  sx1276_hal.o(.text)
    SX1276IoIrqInit                          0x00006b3f   Thumb Code    80  sx1276_hal.o(.text)
    SX1276IoIrqEnable                        0x00006b8f   Thumb Code   102  sx1276_hal.o(.text)
    SX1276GetPaSelect                        0x00006bf5   Thumb Code    16  sx1276_hal.o(.text)
    SX1276AntSwDeInit                        0x00006c05   Thumb Code     2  sx1276_hal.o(.text)
    SX1276AntSwInit                          0x00006c07   Thumb Code     2  sx1276_hal.o(.text)
    SX1276SetAntSwLowPower                   0x00006c09   Thumb Code    28  sx1276_hal.o(.text)
    SX1276SetAntSw                           0x00006c25   Thumb Code     2  sx1276_hal.o(.text)
    SX1276CheckRfFrequency                   0x00006c27   Thumb Code     6  sx1276_hal.o(.text)
    SX1276Reset                              0x00006c2d   Thumb Code    32  sx1276_hal.o(.text)
    SX1276WriteBuffer                        0x00006c4d   Thumb Code    56  sx1276_hal.o(.text)
    SX1276ReadBuffer                         0x00006c85   Thumb Code    58  sx1276_hal.o(.text)
    GPIO_EVEN_IRQHandler                     0x00006cbf   Thumb Code   148  sx1276_hal.o(.text)
    GPIO_ODD_IRQHandler                      0x00006d53   Thumb Code   100  sx1276_hal.o(.text)
    BoardGetUniqueId                         0x00006db7   Thumb Code    22  sx1276_hal.o(.text)
    SX1276Write                              0x00006ea1   Thumb Code    16  sx1276.o(.text)
    SX1276Read                               0x00006eb1   Thumb Code    20  sx1276.o(.text)
    SX1276SetOpMode                          0x00006ec5   Thumb Code    62  sx1276.o(.text)
    SX1276SetModem                           0x00006f03   Thumb Code   122  sx1276.o(.text)
    SX1276SetChannel                         0x00006f7d   Thumb Code    66  sx1276.o(.text)
    SX1276OnTimeoutIrq                       0x0000706d   Thumb Code   184  sx1276.o(.text)
    SX1276Init                               0x00007125   Thumb Code   116  sx1276.o(.text)
    SX1276GetStatus                          0x00007199   Thumb Code     6  sx1276.o(.text)
    SX1276SetSleep                           0x0000719f   Thumb Code    28  sx1276.o(.text)
    SX1276ReadRssi                           0x000071bb   Thumb Code    72  sx1276.o(.text)
    SX1276IsChannelFree                      0x00007203   Thumb Code    62  sx1276.o(.text)
    SX1276Random                             0x00007241   Thumb Code    64  sx1276.o(.text)
    SX1276SetRxConfig                        0x000072b3   Thumb Code   760  sx1276.o(.text)
    SX1276SetTxConfig                        0x000075ab   Thumb Code   800  sx1276.o(.text)
    SX1276GetTimeOnAir                       0x000078cb   Thumb Code   616  sx1276.o(.text)
    SX1276SetTx                              0x00007b33   Thumb Code   224  sx1276.o(.text)
    SX1276WriteFifo                          0x00007c13   Thumb Code    18  sx1276.o(.text)
    SX1276SetStby                            0x00007c25   Thumb Code    28  sx1276.o(.text)
    SX1276Send                               0x00007c41   Thumb Code   284  sx1276.o(.text)
    SX1276SetRx                              0x00007d5d   Thumb Code   902  sx1276.o(.text)
    SX1276StartCad                           0x000080e3   Thumb Code    62  sx1276.o(.text)
    SX1276ReadFifo                           0x00008121   Thumb Code    18  sx1276.o(.text)
    SX1276SetMaxPayloadLength                0x00008133   Thumb Code    50  sx1276.o(.text)
    SX1276OnDio0Irq                          0x00008165   Thumb Code   874  sx1276.o(.text)
    SX1276OnDio1Irq                          0x000084cf   Thumb Code   352  sx1276.o(.text)
    SX1276OnDio2Irq                          0x0000862f   Thumb Code   300  sx1276.o(.text)
    SX1276OnDio3Irq                          0x0000875b   Thumb Code   102  sx1276.o(.text)
    SX1276OnDio4Irq                          0x000087c1   Thumb Code    38  sx1276.o(.text)
    SX1276OnDio5Irq                          0x000087e7   Thumb Code   102  sx1276.o(.text)
    aes_set_key                              0x00008c9f   Thumb Code   328  aes.o(.text)
    aes_encrypt                              0x00008de7   Thumb Code    90  aes.o(.text)
    aes_cbc_encrypt                          0x00008e41   Thumb Code    68  aes.o(.text)
    AES_CMAC_Init                            0x00008e85   Thumb Code    34  cmac.o(.text)
    AES_CMAC_SetKey                          0x00008ea7   Thumb Code    18  cmac.o(.text)
    AES_CMAC_Update                          0x00008eb9   Thumb Code   232  cmac.o(.text)
    AES_CMAC_Final                           0x00008fa1   Thumb Code   442  cmac.o(.text)
    rand1                                    0x0000915d   Thumb Code    32  utilities.o(.text)
    srand1                                   0x0000917d   Thumb Code     6  utilities.o(.text)
    randr                                    0x00009183   Thumb Code    26  utilities.o(.text)
    memcpy1                                  0x0000919d   Thumb Code    24  utilities.o(.text)
    memcpyr                                  0x000091b5   Thumb Code    28  utilities.o(.text)
    memset1                                  0x000091d1   Thumb Code    20  utilities.o(.text)
    Nibble2HexChar                           0x000091e5   Thumb Code    30  utilities.o(.text)
    __aeabi_memcpy                           0x0000920d   Thumb Code    36  memcpya.o(.text)
    __aeabi_memcpy4                          0x0000920d   Thumb Code     0  memcpya.o(.text)
    __aeabi_memcpy8                          0x0000920d   Thumb Code     0  memcpya.o(.text)
    __aeabi_memset                           0x00009231   Thumb Code    14  memseta.o(.text)
    __aeabi_memset4                          0x00009231   Thumb Code     0  memseta.o(.text)
    __aeabi_memset8                          0x00009231   Thumb Code     0  memseta.o(.text)
    __aeabi_memclr                           0x0000923f   Thumb Code     4  memseta.o(.text)
    __aeabi_memclr4                          0x0000923f   Thumb Code     0  memseta.o(.text)
    __aeabi_memclr8                          0x0000923f   Thumb Code     0  memseta.o(.text)
    _memset$wrapper                          0x00009243   Thumb Code    18  memseta.o(.text)
    __aeabi_dadd                             0x00009255   Thumb Code   322  dadd.o(.text)
    __aeabi_dsub                             0x00009397   Thumb Code     6  dadd.o(.text)
    __aeabi_drsub                            0x0000939d   Thumb Code     6  dadd.o(.text)
    __aeabi_dmul                             0x000093a3   Thumb Code   228  dmul.o(.text)
    __aeabi_ddiv                             0x00009487   Thumb Code   222  ddiv.o(.text)
    __aeabi_i2d                              0x00009565   Thumb Code    34  dflti.o(.text)
    __aeabi_ui2d                             0x00009587   Thumb Code    26  dfltui.o(.text)
    __aeabi_d2iz                             0x000095a1   Thumb Code    62  dfixi.o(.text)
    __aeabi_d2uiz                            0x000095df   Thumb Code    50  dfixui.o(.text)
    __aeabi_cdrcmple                         0x00009611   Thumb Code    48  cdrcmple.o(.text)
    __aeabi_uidiv                            0x00009641   Thumb Code     0  uidiv.o(.text)
    __aeabi_uidivmod                         0x00009641   Thumb Code    44  uidiv.o(.text)
    __aeabi_uldivmod                         0x0000966d   Thumb Code    98  uldiv.o(.text)
    __aeabi_llsl                             0x000096cf   Thumb Code    30  llshl.o(.text)
    _ll_shift_l                              0x000096cf   Thumb Code     0  llshl.o(.text)
    __aeabi_llsr                             0x000096ed   Thumb Code    32  llushr.o(.text)
    _ll_ushift_r                             0x000096ed   Thumb Code     0  llushr.o(.text)
    __aeabi_lasr                             0x0000970d   Thumb Code    36  llsshr.o(.text)
    _ll_sshift_r                             0x0000970d   Thumb Code     0  llsshr.o(.text)
    __I$use$fp                               0x00009731   Thumb Code     0  iusefp.o(.text)
    _double_round                            0x00009731   Thumb Code    30  depilogue.o(.text)
    _double_epilogue                         0x0000974f   Thumb Code   156  depilogue.o(.text)
    _drnd                                    0x000097ed   Thumb Code   132  drnd.o(.text)
    __aeabi_d2ulz                            0x00009875   Thumb Code    48  dfixul.o(.text)
    __aeabi_cdcmpeq                          0x000098a5   Thumb Code     0  cdcmple.o(.text)
    __aeabi_cdcmple                          0x000098a5   Thumb Code    48  cdcmple.o(.text)
    __scatterload                            0x000098d5   Thumb Code    28  init.o(.text)
    __scatterload_rt2                        0x000098d5   Thumb Code     0  init.o(.text)
    __decompress                             0x000098f9   Thumb Code     0  __dczerorl2.o(.text)
    __decompress1                            0x000098f9   Thumb Code    86  __dczerorl2.o(.text)
    __0printf                                0x00009951   Thumb Code    22  printfa.o(i.__0printf)
    __1printf                                0x00009951   Thumb Code     0  printfa.o(i.__0printf)
    __2printf                                0x00009951   Thumb Code     0  printfa.o(i.__0printf)
    __c89printf                              0x00009951   Thumb Code     0  printfa.o(i.__0printf)
    printf                                   0x00009951   Thumb Code     0  printfa.o(i.__0printf)
    __scatterload_copy                       0x00009971   Thumb Code    14  handlers.o(i.__scatterload_copy)
    __scatterload_null                       0x0000997f   Thumb Code     2  handlers.o(i.__scatterload_null)
    __scatterload_zeroinit                   0x00009981   Thumb Code    14  handlers.o(i.__scatterload_zeroinit)
    ceil                                     0x0000a225   Thumb Code   204  ceil.o(i.ceil)
    floor                                    0x0000a301   Thumb Code   204  floor.o(i.floor)
    round                                    0x0000a3dd   Thumb Code   136  round.o(i.round)
    autostart_processes                      0x0000a494   Data          16  app_task.o(.constdata)
    Datarates                                0x0000a4a4   Data           8  loramac.o(.constdata)
    MaxPayloadOfDatarate                     0x0000a4ac   Data           8  loramac.o(.constdata)
    MaxPayloadOfDatarateRepeater             0x0000a4b4   Data           8  loramac.o(.constdata)
    TxPowers                                 0x0000a4bc   Data           6  loramac.o(.constdata)
    Radio                                    0x0000a4cc   Data          84  sx1276_hal.o(.constdata)
    RadioRegsInit                            0x0000a520   Data          48  sx1276.o(.constdata)
    FskBandwidths                            0x0000a550   Data         176  sx1276.o(.constdata)
    Region$$Table$$Base                      0x0000a968   Number         0  anon$$obj.o(Region$$Table)
    Region$$Table$$Limit                     0x0000a988   Number         0  anon$$obj.o(Region$$Table)
    SystemCoreClock                          0x20000008   Data           4  system_efm32g.o(.data)
    idle_count                               0x2000000c   Data           4  main.o(.data)
    Sleep_Flag                               0x20000010   Data           1  main.o(.data)
    RTC_TOP0                                 0x20000014   Data           4  rtc.o(.data)
    RTC_TOP1                                 0x20000018   Data           4  rtc.o(.data)
    leuart1Init                              0x2000001c   Data          16  leusart.o(.data)
    Data_Buf                                 0x2000002e   Data           5  dht11.o(.data)
    etimer_process                           0x2000004c   Data          16  etimer.o(.data)
    process_list                             0x2000005c   Data           4  process.o(.data)
    process_current                          0x20000060   Data           4  process.o(.data)
    ctimer_process                           0x2000008c   Data          16  ctimer.o(.data)
    app_led                                  0x200000dc   Data          16  app_task.o(.data)
    RF_JOIN_REQ                              0x200000ec   Data           1  app_task.o(.data)
    RF_JOIN_TASK                             0x200000f0   Data          16  app_task.o(.data)
    RF_Heartbeat_Post                        0x20000100   Data           1  app_task.o(.data)
    RF_HEARTBEAT_TASK                        0x20000104   Data          16  app_task.o(.data)
    Board_Init_Task                          0x20000114   Data          16  app_task.o(.data)
    WDOG_Feed_Task                           0x20000124   Data          16  app_task.o(.data)
    LoRaMacState                             0x20000210   Data           4  loramac.o(.data)
    TxTimeOnAir                              0x20000228   Data           4  loramac.o(.data)
    LoRaMacFlags                             0x2000022f   Data           1  loramac.o(.data)
    __stdout                                 0x2000026c   Data           4  stdout.o(.data)
    usDelay                                  0x20000270   Data           4  sysdelay.o(.bss)
    msDelay                                  0x20000274   Data           4  sysdelay.o(.bss)
    ComplianceTest                           0x200004c0   Data          20  app_task.o(.bss)
    LoRaMacParams                            0x20000840   Data          48  loramac.o(.bss)
    LoRaMacParamsDefaults                    0x20000870   Data          48  loramac.o(.bss)
    RxTxBuffer                               0x20000bf4   Data         256  sx1276.o(.bss)
    SX1276                                   0x20000cf4   Data          92  sx1276.o(.bss)
    TxTimeoutTimer                           0x20000d50   Data          36  sx1276.o(.bss)
    RxTimeoutTimer                           0x20000d74   Data          36  sx1276.o(.bss)
    RxTimeoutSyncWord                        0x20000d98   Data          36  sx1276.o(.bss)
    __initial_sp                             0x200011c0   Data           0  startup_efm32g.o(STACK)



==============================================================================

Memory Map of the image

  Image Entry point : 0x000000b9

  Load Region LR_IROM1 (Base: 0x00000000, Size: 0x0000abf8, Max: 0x00020000, ABSOLUTE, COMPRESSED[0x0000aa18])

    Execution Region ER_IROM1 (Base: 0x00000000, Size: 0x0000a988, Max: 0x00020000, ABSOLUTE)

    Base Addr    Size         Type   Attr      Idx    E Section Name        Object

    0x00000000   0x000000b8   Data   RO          133    RESET               startup_efm32g.o
    0x000000b8   0x00000000   Code   RO         1363  * .ARM.Collect$$$$00000000  mc_w.l(entry.o)
    0x000000b8   0x00000004   Code   RO         1655    .ARM.Collect$$$$00000001  mc_w.l(entry2.o)
    0x000000bc   0x00000004   Code   RO         1658    .ARM.Collect$$$$00000004  mc_w.l(entry5.o)
    0x000000c0   0x00000000   Code   RO         1660    .ARM.Collect$$$$00000008  mc_w.l(entry7b.o)
    0x000000c0   0x00000000   Code   RO         1662    .ARM.Collect$$$$0000000A  mc_w.l(entry8b.o)
    0x000000c0   0x00000008   Code   RO         1663    .ARM.Collect$$$$0000000B  mc_w.l(entry9a.o)
    0x000000c8   0x00000000   Code   RO         1665    .ARM.Collect$$$$0000000D  mc_w.l(entry10a.o)
    0x000000c8   0x00000000   Code   RO         1667    .ARM.Collect$$$$0000000F  mc_w.l(entry11a.o)
    0x000000c8   0x00000004   Code   RO         1656    .ARM.Collect$$$$00002712  mc_w.l(entry2.o)
    0x000000cc   0x00000134   Code   RO            3    .text               system_efm32g.o
    0x00000200   0x00000024   Code   RO          134    .text               startup_efm32g.o
    0x00000224   0x000001ac   Code   RO          140    .text               main.o
    0x000003d0   0x00000154   Code   RO          379    .text               sysdelay.o
    0x00000524   0x00000028   Code   RO          409    .text               led.o
    0x0000054c   0x00000080   Code   RO          429    .text               rcc.o
    0x000005cc   0x0000007c   Code   RO          449    .text               rtc.o
    0x00000648   0x0000012c   Code   RO          485    .text               time.o
    0x00000774   0x000000e8   Code   RO          509    .text               leusart.o
    0x0000085c   0x000000c8   Code   RO          535    .text               spi0.o
    0x00000924   0x00000394   Code   RO          663    .text               dht11.o
    0x00000cb8   0x0000006c   Code   RO          700    .text               em_system.o
    0x00000d24   0x00000818   Code   RO          720    .text               em_cmu.o
    0x0000153c   0x00000180   Code   RO          743    .text               em_gpio.o
    0x000016bc   0x000002a4   Code   RO          763    .text               em_emu.o
    0x00001960   0x00000108   Code   RO          791    .text               em_rtc.o
    0x00001a68   0x00000206   Code   RO          814    .text               em_timer.o
    0x00001c6e   0x00000002   PAD
    0x00001c70   0x00000204   Code   RO          837    .text               em_leuart.o
    0x00001e74   0x000000f0   Code   RO          877    .text               em_wdog.o
    0x00001f64   0x00000080   Code   RO          948    .text               clock.o
    0x00001fe4   0x0000003a   Code   RO          974    .text               autostart.o
    0x0000201e   0x00000002   PAD
    0x00002020   0x00000248   Code   RO          986    .text               etimer.o
    0x00002268   0x00000348   Code   RO         1005    .text               process.o
    0x000025b0   0x00000054   Code   RO         1027    .text               timer.o
    0x00002604   0x00000078   Code   RO         1039    .text               rtimer.o
    0x0000267c   0x000001e4   Code   RO         1053    .text               ctimer.o
    0x00002860   0x00000168   Code   RO         1089    .text               rtimer-arch.o
    0x000029c8   0x00000114   Code   RO         1118    .text               list.o
    0x00002adc   0x00000740   Code   RO         1132    .text               app_task.o
    0x0000321c   0x00002f7c   Code   RO         1183    .text               loramac.o
    0x00006198   0x00000610   Code   RO         1206    .text               loramac-api-v3.o
    0x000067a8   0x000002b8   Code   RO         1224    .text               loramaccrypto.o
    0x00006a60   0x00000440   Code   RO         1247    .text               sx1276_hal.o
    0x00006ea0   0x000019ac   Code   RO         1287    .text               sx1276.o
    0x0000884c   0x00000638   Code   RO         1313    .text               aes.o
    0x00008e84   0x000002d6   Code   RO         1327    .text               cmac.o
    0x0000915a   0x00000002   PAD
    0x0000915c   0x000000b0   Code   RO         1339    .text               utilities.o
    0x0000920c   0x00000024   Code   RO         1366    .text               mc_w.l(memcpya.o)
    0x00009230   0x00000024   Code   RO         1368    .text               mc_w.l(memseta.o)
    0x00009254   0x0000014e   Code   RO         1633    .text               mf_w.l(dadd.o)
    0x000093a2   0x000000e4   Code   RO         1635    .text               mf_w.l(dmul.o)
    0x00009486   0x000000de   Code   RO         1637    .text               mf_w.l(ddiv.o)
    0x00009564   0x00000022   Code   RO         1641    .text               mf_w.l(dflti.o)
    0x00009586   0x0000001a   Code   RO         1643    .text               mf_w.l(dfltui.o)
    0x000095a0   0x0000003e   Code   RO         1645    .text               mf_w.l(dfixi.o)
    0x000095de   0x00000032   Code   RO         1647    .text               mf_w.l(dfixui.o)
    0x00009610   0x00000030   Code   RO         1651    .text               mf_w.l(cdrcmple.o)
    0x00009640   0x0000002c   Code   RO         1670    .text               mc_w.l(uidiv.o)
    0x0000966c   0x00000062   Code   RO         1672    .text               mc_w.l(uldiv.o)
    0x000096ce   0x0000001e   Code   RO         1674    .text               mc_w.l(llshl.o)
    0x000096ec   0x00000020   Code   RO         1676    .text               mc_w.l(llushr.o)
    0x0000970c   0x00000024   Code   RO         1678    .text               mc_w.l(llsshr.o)
    0x00009730   0x00000000   Code   RO         1680    .text               mc_w.l(iusefp.o)
    0x00009730   0x000000ba   Code   RO         1683    .text               mf_w.l(depilogue.o)
    0x000097ea   0x00000002   PAD
    0x000097ec   0x00000088   Code   RO         1685    .text               mf_w.l(drnd.o)
    0x00009874   0x00000030   Code   RO         1687    .text               mf_w.l(dfixul.o)
    0x000098a4   0x00000030   Code   RO         1689    .text               mf_w.l(cdcmple.o)
    0x000098d4   0x00000024   Code   RO         1691    .text               mc_w.l(init.o)
    0x000098f8   0x00000056   Code   RO         1701    .text               mc_w.l(__dczerorl2.o)
    0x0000994e   0x00000002   PAD
    0x00009950   0x00000020   Code   RO         1605    i.__0printf         mc_w.l(printfa.o)
    0x00009970   0x0000000e   Code   RO         1695    i.__scatterload_copy  mc_w.l(handlers.o)
    0x0000997e   0x00000002   Code   RO         1696    i.__scatterload_null  mc_w.l(handlers.o)
    0x00009980   0x0000000e   Code   RO         1697    i.__scatterload_zeroinit  mc_w.l(handlers.o)
    0x0000998e   0x00000002   PAD
    0x00009990   0x00000164   Code   RO         1612    i._fp_digits        mc_w.l(printfa.o)
    0x00009af4   0x000006dc   Code   RO         1613    i._printf_core      mc_w.l(printfa.o)
    0x0000a1d0   0x00000024   Code   RO         1614    i._printf_post_padding  mc_w.l(printfa.o)
    0x0000a1f4   0x0000002e   Code   RO         1615    i._printf_pre_padding  mc_w.l(printfa.o)
    0x0000a222   0x00000002   PAD
    0x0000a224   0x000000dc   Code   RO         1354    i.ceil              m_ws.l(ceil.o)
    0x0000a300   0x000000dc   Code   RO         1358    i.floor             m_ws.l(floor.o)
    0x0000a3dc   0x00000094   Code   RO         1361    i.round             m_ws.l(round.o)
    0x0000a470   0x00000017   Data   RO          486    .constdata          time.o
    0x0000a487   0x00000001   PAD
    0x0000a488   0x0000000b   Data   RO         1090    .constdata          rtimer-arch.o
    0x0000a493   0x00000001   PAD
    0x0000a494   0x00000010   Data   RO         1134    .constdata          app_task.o
    0x0000a4a4   0x00000028   Data   RO         1185    .constdata          loramac.o
    0x0000a4cc   0x00000054   Data   RO         1248    .constdata          sx1276_hal.o
    0x0000a520   0x000000e0   Data   RO         1289    .constdata          sx1276.o
    0x0000a600   0x00000300   Data   RO         1314    .constdata          aes.o
    0x0000a900   0x0000000c   Data   RO          987    .conststring        etimer.o
    0x0000a90c   0x0000000f   Data   RO         1054    .conststring        ctimer.o
    0x0000a91b   0x00000001   PAD
    0x0000a91c   0x0000004c   Data   RO         1135    .conststring        app_task.o
    0x0000a968   0x00000020   Data   RO         1693    Region$$Table       anon$$obj.o


    Execution Region RW_IRAM1 (Base: 0x20000000, Size: 0x000011c0, Max: 0x00004000, ABSOLUTE, COMPRESSED[0x00000090])

    Base Addr    Size         Type   Attr      Idx    E Section Name        Object

    0x20000000   0x0000000c   Data   RW            4    .data               system_efm32g.o
    0x2000000c   0x00000005   Data   RW          141    .data               main.o
    0x20000011   0x00000003   PAD
    0x20000014   0x00000008   Data   RW          450    .data               rtc.o
    0x2000001c   0x00000010   Data   RW          510    .data               leusart.o
    0x2000002c   0x00000007   Data   RW          665    .data               dht11.o
    0x20000033   0x00000001   PAD
    0x20000034   0x00000004   Data   RW          764    .data               em_emu.o
    0x20000038   0x0000000c   Data   RW          949    .data               clock.o
    0x20000044   0x00000018   Data   RW          988    .data               etimer.o
    0x2000005c   0x0000001d   Data   RW         1007    .data               process.o
    0x20000079   0x00000003   PAD
    0x2000007c   0x00000004   Data   RW         1040    .data               rtimer.o
    0x20000080   0x0000001c   Data   RW         1055    .data               ctimer.o
    0x2000009c   0x0000000a   Data   RW         1091    .data               rtimer-arch.o
    0x200000a6   0x00000002   PAD
    0x200000a8   0x0000008e   Data   RW         1136    .data               app_task.o
    0x20000136   0x00000002   PAD
    0x20000138   0x000000f8   Data   RW         1186    .data               loramac.o
    0x20000230   0x00000010   Data   RW         1208    .data               loramac-api-v3.o
    0x20000240   0x00000020   Data   RW         1226    .data               loramaccrypto.o
    0x20000260   0x00000001   Data   RW         1249    .data               sx1276_hal.o
    0x20000261   0x00000003   PAD
    0x20000264   0x00000004   Data   RW         1290    .data               sx1276.o
    0x20000268   0x00000004   Data   RW         1340    .data               utilities.o
    0x2000026c   0x00000004   Data   RW         1669    .data               mc_w.l(stdout.o)
    0x20000270   0x00000008   Zero   RW          380    .bss                sysdelay.o
    0x20000278   0x00000040   Zero   RW          664    .bss                dht11.o
    0x200002b8   0x00000180   Zero   RW         1006    .bss                process.o
    0x20000438   0x000000cc   Zero   RW         1133    .bss                app_task.o
    0x20000504   0x000004a0   Zero   RW         1184    .bss                loramac.o
    0x200009a4   0x00000024   Zero   RW         1207    .bss                loramac-api-v3.o
    0x200009c8   0x0000022c   Zero   RW         1225    .bss                loramaccrypto.o
    0x20000bf4   0x000001c8   Zero   RW         1288    .bss                sx1276.o
    0x20000dbc   0x00000004   PAD
    0x20000dc0   0x00000400   Zero   RW          131    STACK               startup_efm32g.o


==============================================================================

Image component sizes


      Code (inc. data)   RO Data    RW Data    ZI Data      Debug   Object Name

      1592         14        768          0          0      11702   aes.o
      1856        388         92        142        204       9952   app_task.o
        58          0          0          0          0       1173   autostart.o
       128         18          0         12          0       2697   clock.o
       726          0          0          0          0       2583   cmac.o
       484         16         15         28          0       3905   ctimer.o
       916        106          0          7         64       3087   dht11.o
      2072         78          0          0          0       8931   em_cmu.o
       676         30          0          4          0       7405   em_emu.o
       384         10          0          0          0       1699   em_gpio.o
       516         10          0          0          0       4105   em_leuart.o
       264          6          0          0          0       3128   em_rtc.o
       108          8          0          0          0       1224   em_system.o
       518          0          0          0          0       6448   em_timer.o
       240          4          0          0          0       1732   em_wdog.o
       584         18         12         24          0       4751   etimer.o
         0          0          0          0          0       2204   gyiic.o
        40          0          0          0          0        471   led.o
       232         20          0         16          0       3838   leusart.o
       276          0          0          0          0       3303   list.o
      1552        106          0         16         36       9564   loramac-api-v3.o
     12156       1946         40        248       1184      22399   loramac.o
       696         24          0         32        556       3869   loramaccrypto.o
       428         64          0          5          0      33281   main.o
       840         48          0         29        384       6941   process.o
       128         26          0          0          0        527   rcc.o
       124         20          0          8          0      25518   rtc.o
       360         36         11         10          0      30624   rtimer-arch.o
       120          6          0          4          0       1709   rtimer.o
       200         18          0          0          0       3561   spi0.o
        36          8        184          0       1024        824   startup_efm32g.o
      6572        324        224          4        456      14562   sx1276.o
      1088        110         84          1          0      34542   sx1276_hal.o
       340         20          0          0          8       4447   sysdelay.o
       308         52          0         12          0     212036   system_efm32g.o
       300         28         23          0          0       6474   time.o
        84          0          0          0          0       1736   timer.o
       176         10          0          4          0       2424   utilities.o

    ----------------------------------------------------------------------
     37184       3572       1488        620       3920     499376   Object Totals
         0          0         32          0          0          0   (incl. Generated)
         6          0          3         14          4          0   (incl. Padding)

    ----------------------------------------------------------------------

      Code (inc. data)   RO Data    RW Data    ZI Data      Debug   Library Member Name

       220         16          0          0          0         84   ceil.o
       220         16          0          0          0         84   floor.o
       148         12          0          0          0         88   round.o
        86          0          0          0          0          0   __dczerorl2.o
         0          0          0          0          0          0   entry.o
         0          0          0          0          0          0   entry10a.o
         0          0          0          0          0          0   entry11a.o
         8          4          0          0          0          0   entry2.o
         4          0          0          0          0          0   entry5.o
         0          0          0          0          0          0   entry7b.o
         0          0          0          0          0          0   entry8b.o
         8          4          0          0          0          0   entry9a.o
        30          0          0          0          0          0   handlers.o
        36          8          0          0          0         68   init.o
         0          0          0          0          0          0   iusefp.o
        30          0          0          0          0         68   llshl.o
        36          0          0          0          0         68   llsshr.o
        32          0          0          0          0         68   llushr.o
        36          0          0          0          0         68   memcpya.o
        36          0          0          0          0        108   memseta.o
      2226         90          0          0          0        444   printfa.o
         0          0          0          4          0          0   stdout.o
        44          0          0          0          0         80   uidiv.o
        98          0          0          0          0         92   uldiv.o
        48          0          0          0          0         68   cdcmple.o
        48          0          0          0          0         68   cdrcmple.o
       334          0          0          0          0        148   dadd.o
       222          0          0          0          0        100   ddiv.o
       186          0          0          0          0        176   depilogue.o
        62          0          0          0          0         80   dfixi.o
        50          0          0          0          0         76   dfixui.o
        48          0          0          0          0         68   dfixul.o
        34          0          0          0          0         76   dflti.o
        26          0          0          0          0         76   dfltui.o
       228          0          0          0          0         96   dmul.o
       136          4          0          0          0         92   drnd.o

    ----------------------------------------------------------------------
      4728        154          0          4          0       2444   Library Totals
         8          0          0          0          0          0   (incl. Padding)

    ----------------------------------------------------------------------

      Code (inc. data)   RO Data    RW Data    ZI Data      Debug   Library Name

       588         44          0          0          0        256   m_ws.l
      2710        106          0          4          0       1064   mc_w.l
      1422          4          0          0          0       1124   mf_w.l

    ----------------------------------------------------------------------
      4728        154          0          4          0       2444   Library Totals

    ----------------------------------------------------------------------

==============================================================================


      Code (inc. data)   RO Data    RW Data    ZI Data      Debug   

     41912       3726       1488        624       3920     496956   Grand Totals
     41912       3726       1488        144       3920     496956   ELF Image Totals (compressed)
     41912       3726       1488        144          0          0   ROM Totals

==============================================================================

    Total RO  Size (Code + RO Data)                43400 (  42.38kB)
    Total RW  Size (RW Data + ZI Data)              4544 (   4.44kB)
    Total ROM Size (Code + RO Data + RW Data)      43544 (  42.52kB)

==============================================================================

