<html>
<body>
<pre>
<h1>µVision Build Log</h1>
<h2>Tool Versions:</h2>
IDE-Version: ¦ÌVision V5.15
Copyright (C) 2015 ARM Ltd and ARM Germany GmbH. All rights reserved.
License Information: Liu yingjiang, SIAT, LIC=NQQCX-H0TQF-PZQWB-20I5V-CML3V-G991H
 
Tool Versions:
Toolchain:       MDK-ARM Standard  Version: 5.15.0
Toolchain Path:  D:\Keil_v5\ARM\ARMCC\Bin
C Compiler:      Armcc.exe V5.05 update 2 (build 169)
Assembler:       Armasm.exe V5.05 update 2 (build 169)
Linker/Locator:  ArmLink.exe V5.05 update 2 (build 169)
Library Manager: ArmAr.exe V5.05 update 2 (build 169)
Hex Converter:   FromElf.exe V5.05 update 2 (build 169)
CPU DLL:         SARMCM3.DLL V5.15.0
Dialog DLL:      DCM.DLL V1.13.2.0
Target DLL:      Segger\JL2CM3.dll V2.99.15.0
Dialog DLL:      TCM.DLL V1.14.5.0
 
<h2>Project:</h2>
H:\Graduation_design\light_data _new\light_node_new\contiki_efm32g222_loraV1.2\Project\EFM32G222F128.uvprojx
Project File Date:  06/23/2017

<h2>Output:</h2>
*** Using Compiler 'V5.05 update 2 (build 169)', folder: 'D:\Keil_v5\ARM\ARMCC\Bin'
Build target 'LORA'
compiling DHT11.c...
DHT11.h(17): warning:  #1295-D: Deprecated declaration DHT11_Read_Data - give arg types
  uint8_t* DHT11_Read_Data();
DHT11.h(20): warning:  #1295-D: Deprecated declaration TxDHTFrame - give arg types
  void TxDHTFrame();
DHT11.h(23): warning:  #1-D: last line of file ends without a newline
  #endif
DHT11.c(9): warning:  #550-D: variable "AppPort" was set but never used
  static uint8_t AppPort = LORAWAN_APP_PORT;
DHT11.c: 4 warnings, 0 errors
linking...
Program Size: Code=41912 RO-data=1488 RW-data=624 ZI-data=3920  
"..\Output\EFM32G222F128.axf" - 0 Error(s), 4 Warning(s).

<h2>Collection of Component include folders:</h2>
  H:\Graduation_design\light_data _new\light_node_new\contiki_efm32g222_loraV1.2\Project\RTE
  D:\Keil_v5\ARM\PACK\Keil\EFM32Gxxx_DFP\1.2.0\Device\EFM32G\Include

<h2>Collection of Component Files used:</h2>
</pre>
</body>
</html>
